Archive member included to satisfy reference by file (symbol)

C:/ST/STM32CubeIDE_1.17.0/STM32CubeIDE/plugins/com.st.stm32cube.ide.mcu.externaltools.gnu-tools-for-stm32.12.3.rel1.win32_1.1.0.202410251130/tools/bin/../lib/gcc/arm-none-eabi/12.3.1/../../../../arm-none-eabi/lib/thumb/v7e-m+fp/hard\libc_nano.a(libc_a-exit.o)
                              C:/ST/STM32CubeIDE_1.17.0/STM32CubeIDE/plugins/com.st.stm32cube.ide.mcu.externaltools.gnu-tools-for-stm32.12.3.rel1.win32_1.1.0.202410251130/tools/bin/../lib/gcc/arm-none-eabi/12.3.1/../../../../arm-none-eabi/lib/thumb/v7e-m+fp/hard/crt0.o (exit)
C:/ST/STM32CubeIDE_1.17.0/STM32CubeIDE/plugins/com.st.stm32cube.ide.mcu.externaltools.gnu-tools-for-stm32.12.3.rel1.win32_1.1.0.202410251130/tools/bin/../lib/gcc/arm-none-eabi/12.3.1/../../../../arm-none-eabi/lib/thumb/v7e-m+fp/hard\libc_nano.a(libc_a-findfp.o)
                              C:/ST/STM32CubeIDE_1.17.0/STM32CubeIDE/plugins/com.st.stm32cube.ide.mcu.externaltools.gnu-tools-for-stm32.12.3.rel1.win32_1.1.0.202410251130/tools/bin/../lib/gcc/arm-none-eabi/12.3.1/../../../../arm-none-eabi/lib/thumb/v7e-m+fp/hard\libc_nano.a(libc_a-exit.o) (__stdio_exit_handler)
C:/ST/STM32CubeIDE_1.17.0/STM32CubeIDE/plugins/com.st.stm32cube.ide.mcu.externaltools.gnu-tools-for-stm32.12.3.rel1.win32_1.1.0.202410251130/tools/bin/../lib/gcc/arm-none-eabi/12.3.1/../../../../arm-none-eabi/lib/thumb/v7e-m+fp/hard\libc_nano.a(libc_a-fwalk.o)
                              C:/ST/STM32CubeIDE_1.17.0/STM32CubeIDE/plugins/com.st.stm32cube.ide.mcu.externaltools.gnu-tools-for-stm32.12.3.rel1.win32_1.1.0.202410251130/tools/bin/../lib/gcc/arm-none-eabi/12.3.1/../../../../arm-none-eabi/lib/thumb/v7e-m+fp/hard\libc_nano.a(libc_a-findfp.o) (_fwalk_sglue)
C:/ST/STM32CubeIDE_1.17.0/STM32CubeIDE/plugins/com.st.stm32cube.ide.mcu.externaltools.gnu-tools-for-stm32.12.3.rel1.win32_1.1.0.202410251130/tools/bin/../lib/gcc/arm-none-eabi/12.3.1/../../../../arm-none-eabi/lib/thumb/v7e-m+fp/hard\libc_nano.a(libc_a-printf.o)
                              ./Core/Src/Ele_And_Door.o (printf)
C:/ST/STM32CubeIDE_1.17.0/STM32CubeIDE/plugins/com.st.stm32cube.ide.mcu.externaltools.gnu-tools-for-stm32.12.3.rel1.win32_1.1.0.202410251130/tools/bin/../lib/gcc/arm-none-eabi/12.3.1/../../../../arm-none-eabi/lib/thumb/v7e-m+fp/hard\libc_nano.a(libc_a-puts.o)
                              ./Core/Src/Ele_And_Door.o (puts)
C:/ST/STM32CubeIDE_1.17.0/STM32CubeIDE/plugins/com.st.stm32cube.ide.mcu.externaltools.gnu-tools-for-stm32.12.3.rel1.win32_1.1.0.202410251130/tools/bin/../lib/gcc/arm-none-eabi/12.3.1/../../../../arm-none-eabi/lib/thumb/v7e-m+fp/hard\libc_nano.a(libc_a-stdio.o)
                              C:/ST/STM32CubeIDE_1.17.0/STM32CubeIDE/plugins/com.st.stm32cube.ide.mcu.externaltools.gnu-tools-for-stm32.12.3.rel1.win32_1.1.0.202410251130/tools/bin/../lib/gcc/arm-none-eabi/12.3.1/../../../../arm-none-eabi/lib/thumb/v7e-m+fp/hard\libc_nano.a(libc_a-findfp.o) (__sread)
C:/ST/STM32CubeIDE_1.17.0/STM32CubeIDE/plugins/com.st.stm32cube.ide.mcu.externaltools.gnu-tools-for-stm32.12.3.rel1.win32_1.1.0.202410251130/tools/bin/../lib/gcc/arm-none-eabi/12.3.1/../../../../arm-none-eabi/lib/thumb/v7e-m+fp/hard\libc_nano.a(libc_a-wbuf.o)
                              C:/ST/STM32CubeIDE_1.17.0/STM32CubeIDE/plugins/com.st.stm32cube.ide.mcu.externaltools.gnu-tools-for-stm32.12.3.rel1.win32_1.1.0.202410251130/tools/bin/../lib/gcc/arm-none-eabi/12.3.1/../../../../arm-none-eabi/lib/thumb/v7e-m+fp/hard\libc_nano.a(libc_a-puts.o) (__swbuf_r)
C:/ST/STM32CubeIDE_1.17.0/STM32CubeIDE/plugins/com.st.stm32cube.ide.mcu.externaltools.gnu-tools-for-stm32.12.3.rel1.win32_1.1.0.202410251130/tools/bin/../lib/gcc/arm-none-eabi/12.3.1/../../../../arm-none-eabi/lib/thumb/v7e-m+fp/hard\libc_nano.a(libc_a-wsetup.o)
                              C:/ST/STM32CubeIDE_1.17.0/STM32CubeIDE/plugins/com.st.stm32cube.ide.mcu.externaltools.gnu-tools-for-stm32.12.3.rel1.win32_1.1.0.202410251130/tools/bin/../lib/gcc/arm-none-eabi/12.3.1/../../../../arm-none-eabi/lib/thumb/v7e-m+fp/hard\libc_nano.a(libc_a-puts.o) (__swsetup_r)
C:/ST/STM32CubeIDE_1.17.0/STM32CubeIDE/plugins/com.st.stm32cube.ide.mcu.externaltools.gnu-tools-for-stm32.12.3.rel1.win32_1.1.0.202410251130/tools/bin/../lib/gcc/arm-none-eabi/12.3.1/../../../../arm-none-eabi/lib/thumb/v7e-m+fp/hard\libc_nano.a(libc_a-memset.o)
                              C:/ST/STM32CubeIDE_1.17.0/STM32CubeIDE/plugins/com.st.stm32cube.ide.mcu.externaltools.gnu-tools-for-stm32.12.3.rel1.win32_1.1.0.202410251130/tools/bin/../lib/gcc/arm-none-eabi/12.3.1/../../../../arm-none-eabi/lib/thumb/v7e-m+fp/hard/crt0.o (memset)
C:/ST/STM32CubeIDE_1.17.0/STM32CubeIDE/plugins/com.st.stm32cube.ide.mcu.externaltools.gnu-tools-for-stm32.12.3.rel1.win32_1.1.0.202410251130/tools/bin/../lib/gcc/arm-none-eabi/12.3.1/../../../../arm-none-eabi/lib/thumb/v7e-m+fp/hard\libc_nano.a(libc_a-closer.o)
[...]
Memory Configuration

Name             Origin             Length             Attributes
RAM              0x20000000         0x00020000         xrw
FLASH            0x08000000         0x00080000         xr
*default*        0x00000000         0xffffffff

Linker script and memory map

LOAD C:/ST/STM32CubeIDE_1.17.0/STM32CubeIDE/plugins/com.st.stm32cube.ide.mcu.externaltools.gnu-tools-for-stm32.12.3.rel1.win32_1.1.0.202410251130/tools/bin/../lib/gcc/arm-none-eabi/12.3.1/thumb/v7e-m+fp/hard/crti.o
LOAD C:/ST/STM32CubeIDE_1.17.0/STM32CubeIDE/plugins/com.st.stm32cube.ide.mcu.externaltools.gnu-tools-for-stm32.12.3.rel1.win32_1.1.0.202410251130/tools/bin/../lib/gcc/arm-none-eabi/12.3.1/thumb/v7e-m+fp/hard/crtbegin.o
LOAD C:/ST/STM32CubeIDE_1.17.0/STM32CubeIDE/plugins/com.st.stm32cube.ide.mcu.externaltools.gnu-tools-for-stm32.12.3.rel1.win32_1.1.0.202410251130/tools/bin/../lib/gcc/arm-none-eabi/12.3.1/../../../../arm-none-eabi/lib/thumb/v7e-m+fp/hard/crt0.o
LOAD ./Core/Src/7SEG.o
LOAD ./Core/Src/Ele_And_Door.o
LOAD ./Core/Src/btn.o
LOAD ./Core/Src/delayus.o
LOAD ./Core/Src/gpio.o
LOAD ./Core/Src/i2c.o
LOAD ./Core/Src/i2c_lcd.o
LOAD ./Core/Src/main.o
LOAD ./Core/Src/motor.o
LOAD ./Core/Src/stm32f4xx_hal_msp.o
LOAD ./Core/Src/stm32f4xx_it.o
LOAD ./Core/Src/syscalls.o
LOAD ./Core/Src/sysmem.o
LOAD ./Core/Src/system_stm32f4xx.o
LOAD ./Core/Src/tim.o
LOAD ./Core/Src/usart.o
LOAD ./Core/Startup/startup_stm32f411retx.o
LOAD ./Drivers/STM32F4xx_HAL_Driver/Src/stm32f4xx_hal.o
LOAD ./Drivers/STM32F4xx_HAL_Driver/Src/stm32f4xx_hal_cortex.o
LOAD ./Drivers/STM32F4xx_HAL_Driver/Src/stm32f4xx_hal_dma.o
LOAD ./Drivers/STM32F4xx_HAL_Driver/Src/stm32f4xx_hal_dma_ex.o
LOAD ./Drivers/STM32F4xx_HAL_Driver/Src/stm32f4xx_hal_exti.o
LOAD ./Drivers/STM32F4xx_HAL_Driver/Src/stm32f4xx_hal_flash.o
LOAD ./Drivers/STM32F4xx_HAL_Driver/Src/stm32f4xx_hal_flash_ex.o
LOAD ./Drivers/STM32F4xx_HAL_Driver/Src/stm32f4xx_hal_flash_ramfunc.o
LOAD ./Drivers/STM32F4xx_HAL_Driver/Src/stm32f4xx_hal_gpio.o
LOAD ./Drivers/STM32F4xx_HAL_Driver/Src/stm32f4xx_hal_i2c.o
LOAD ./Drivers/STM32F4xx_HAL_Driver/Src/stm32f4xx_hal_i2c_ex.o
LOAD ./Drivers/STM32F4xx_HAL_Driver/Src/stm32f4xx_hal_pwr.o
LOAD ./Drivers/STM32F4xx_HAL_Driver/Src/stm32f4xx_hal_pwr_ex.o
LOAD ./Drivers/STM32F4xx_HAL_Driver/Src/stm32f4xx_hal_rcc.o
LOAD ./Drivers/STM32F4xx_HAL_Driver/Src/stm32f4xx_hal_rcc_ex.o
LOAD ./Drivers/STM32F4xx_HAL_Driver/Src/stm32f4xx_hal_tim.o
LOAD ./Drivers/STM32F4xx_HAL_Driver/Src/stm32f4xx_hal_tim_ex.o
LOAD ./Drivers/STM32F4xx_HAL_Driver/Src/stm32f4xx_hal_uart.o
START GROUP
LOAD C:/ST/STM32CubeIDE_1.17.0/STM32CubeIDE/plugins/com.st.stm32cube.ide.mcu.externaltools.gnu-tools-for-stm32.12.3.rel1.win32_1.1.0.202410251130/tools/bin/../lib/gcc/arm-none-eabi/12.3.1/../../../../arm-none-eabi/lib/thumb/v7e-m+fp/hard\libc_nano.a
LOAD C:/ST/STM32CubeIDE_1.17.0/STM32CubeIDE/plugins/com.st.stm32cube.ide.mcu.externaltools.gnu-tools-for-stm32.12.3.rel1.win32_1.1.0.202410251130/tools/bin/../lib/gcc/arm-none-eabi/12.3.1/../../../../arm-none-eabi/lib/thumb/v7e-m+fp/hard\libm.a
END GROUP
START GROUP
LOAD C:/ST/STM32CubeIDE_1.17.0/STM32CubeIDE/plugins/com.st.stm32cube.ide.mcu.externaltools.gnu-tools-for-stm32.12.3.rel1.win32_1.1.0.202410251130/tools/bin/../lib/gcc/arm-none-eabi/12.3.1/thumb/v7e-m+fp/hard\libgcc.a
LOAD C:/ST/STM32CubeIDE_1.17.0/STM32CubeIDE/plugins/com.st.stm32cube.ide.mcu.externaltools.gnu-tools-for-stm32.12.3.rel1.win32_1.1.0.202410251130/tools/bin/../lib/gcc/arm-none-eabi/12.3.1/../../../../arm-none-eabi/lib/thumb/v7e-m+fp/hard\libc_nano.a
END GROUP
START GROUP
LOAD C:/ST/STM32CubeIDE_1.17.0/STM32CubeIDE/plugins/com.st.stm32cube.ide.mcu.externaltools.gnu-tools-for-stm32.12.3.rel1.win32_1.1.0.202410251130/tools/bin/../lib/gcc/arm-none-eabi/12.3.1/thumb/v7e-m+fp/hard\libgcc.a
LOAD C:/ST/STM32CubeIDE_1.17.0/STM32CubeIDE/plugins/com.st.stm32cube.ide.mcu.externaltools.gnu-tools-for-stm32.12.3.rel1.win32_1.1.0.202410251130/tools/bin/../lib/gcc/arm-none-eabi/12.3.1/../../../../arm-none-eabi/lib/thumb/v7e-m+fp/hard\libc_nano.a
LOAD C:/ST/STM32CubeIDE_1.17.0/STM32CubeIDE/plugins/com.st.stm32cube.ide.mcu.externaltools.gnu-tools-for-stm32.12.3.rel1.win32_1.1.0.202410251130/tools/bin/../lib/gcc/arm-none-eabi/12.3.1/../../../../arm-none-eabi/lib/thumb/v7e-m+fp/hard\libnosys.a
END GROUP
START GROUP
LOAD C:/ST/STM32CubeIDE_1.17.0/STM32CubeIDE/plugins/com.st.stm32cube.ide.mcu.externaltools.gnu-tools-for-stm32.12.3.rel1.win32_1.1.0.202410251130/tools/bin/../lib/gcc/arm-none-eabi/12.3.1/thumb/v7e-m+fp/hard\libgcc.a
LOAD C:/ST/STM32CubeIDE_1.17.0/STM32CubeIDE/plugins/com.st.stm32cube.ide.mcu.externaltools.gnu-tools-for-stm32.12.3.rel1.win32_1.1.0.202410251130/tools/bin/../lib/gcc/arm-none-eabi/12.3.1/../../../../arm-none-eabi/lib/thumb/v7e-m+fp/hard\libc_nano.a
LOAD C:/ST/STM32CubeIDE_1.17.0/STM32CubeIDE/plugins/com.st.stm32cube.ide.mcu.externaltools.gnu-tools-for-stm32.12.3.rel1.win32_1.1.0.202410251130/tools/bin/../lib/gcc/arm-none-eabi/12.3.1/../../../../arm-none-eabi/lib/thumb/v7e-m+fp/hard\libnosys.a
END GROUP
LOAD C:/ST/STM32CubeIDE_1.17.0/STM32CubeIDE/plugins/com.st.stm32cube.ide.mcu.externaltools.gnu-tools-for-stm32.12.3.rel1.win32_1.1.0.202410251130/tools/bin/../lib/gcc/arm-none-eabi/12.3.1/thumb/v7e-m+fp/hard/crtend.o
LOAD C:/ST/STM32CubeIDE_1.17.0/STM32CubeIDE/plugins/com.st.stm32cube.ide.mcu.externaltools.gnu-tools-for-stm32.12.3.rel1.win32_1.1.0.202410251130/tools/bin/../lib/gcc/arm-none-eabi/12.3.1/thumb/v7e-m+fp/hard/crtn.o
                0x20020000                        _estack = (ORIGIN (RAM) + LENGTH (RAM))
                0x00000200                        _Min_Heap_Size = 0x200
                0x00000400                        _Min_Stack_Size = 0x400

.isr_vector     0x08000000      0x198
                0x08000000                        . = ALIGN (0x4)
 *(.isr_vector)
 .isr_vector    0x08000000      0x198 ./Core/Startup/startup_stm32f411retx.o
                0x08000000                g_pfnVectors
                0x08000198                        . = ALIGN (0x4)

.text           0x080001a0     0x5b9c
                0x080001a0                        . = ALIGN (0x4)
 *(.text)
 .text          0x080001a0       0x40 C:/ST/STM32CubeIDE_1.17.0/STM32CubeIDE/plugins/com.st.stm32cube.ide.mcu.externaltools.gnu-tools-for-stm32.12.3.rel1.win32_1.1.0.202410251130/tools/bin/../lib/gcc/arm-none-eabi/12.3.1/thumb/v7e-m+fp/hard/crtbegin.o
 .text          0x080001e0       0xa0 C:/ST/STM32CubeIDE_1.17.0/STM32CubeIDE/plugins/com.st.stm32cube.ide.mcu.externaltools.gnu-tools-for-stm32.12.3.rel1.win32_1.1.0.202410251130/tools/bin/../lib/gcc/arm-none-eabi/12.3.1/../../../../arm-none-eabi/lib/thumb/v7e-m+fp/hard\libc_nano.a(libc_a-memchr.o)
                0x080001e0                memchr
 .text          0x08000280       0x30 C:/ST/STM32CubeIDE_1.17.0/STM32CubeIDE/plugins/com.st.stm32cube.ide.mcu.externaltools.gnu-tools-for-stm32.12.3.rel1.win32_1.1.0.202410251130/tools/bin/../lib/gcc/arm-none-eabi/12.3.1/thumb/v7e-m+fp/hard\libgcc.a(_aeabi_uldivmod.o)
                0x08000280                __aeabi_uldivmod
 .text          0x080002b0      0x2bc C:/ST/STM32CubeIDE_1.17.0/STM32CubeIDE/plugins/com.st.stm32cube.ide.mcu.externaltools.gnu-tools-for-stm32.12.3.rel1.win32_1.1.0.202410251130/tools/bin/../lib/gcc/arm-none-eabi/12.3.1/thumb/v7e-m+fp/hard\libgcc.a(_udivmoddi4.o)
                0x080002b0                __udivmoddi4
 .text          0x0800056c        0x4 C:/ST/STM32CubeIDE_1.17.0/STM32CubeIDE/plugins/com.st.stm32cube.ide.mcu.externaltools.gnu-tools-for-stm32.12.3.rel1.win32_1.1.0.202410251130/tools/bin/../lib/gcc/arm-none-eabi/12.3.1/thumb/v7e-m+fp/hard\libgcc.a(_dvmd_tls.o)
                0x0800056c                __aeabi_idiv0
                0x0800056c                __aeabi_ldiv0
 *(.text*)
 .text.clearDisplay
                0x08000570       0x60 ./Core/Src/7SEG.o
                0x08000570                clearDisplay
 .text.display_1
                0x080005d0       0x28 ./Core/Src/7SEG.o
                0x080005d0                display_1
 .text.display_2
                0x080005f8       0x48 ./Core/Src/7SEG.o
                0x080005f8                display_2
 .text.openDoors
                0x08000640      0x120 ./Core/Src/Ele_And_Door.o
                0x08000640                openDoors
 .text.closeDoors
                0x08000760       0xc8 ./Core/Src/Ele_And_Door.o
                0x08000760                closeDoors
 .text.moveElevatorTo
                0x08000828       0xb4 ./Core/Src/Ele_And_Door.o
                0x08000828                moveElevatorTo
 .text.HandleButtonPress
                0x080008dc      0x15c ./Core/Src/btn.o
                0x080008dc                HandleButtonPress
 .text.delay_us
                0x08000a38       0x38 ./Core/Src/delayus.o
                0x08000a38                delay_us
 .text.MX_GPIO_Init
                0x08000a70      0x220 ./Core/Src/gpio.o
                0x08000a70                MX_GPIO_Init
 .text.MX_I2C2_Init
                0x08000c90       0x5c ./Core/Src/i2c.o
                0x08000c90                MX_I2C2_Init
 .text.HAL_I2C_MspInit
                0x08000cec       0xb0 ./Core/Src/i2c.o
                0x08000cec                HAL_I2C_MspInit
 .text.lcdCommand
                0x08000d9c       0x68 ./Core/Src/i2c_lcd.o
                0x08000d9c                lcdCommand
 .text.lcdData  0x08000e04       0x68 ./Core/Src/i2c_lcd.o
                0x08000e04                lcdData
 .text.lcdInit  0x08000e6c       0x56 ./Core/Src/i2c_lcd.o
                0x08000e6c                lcdInit
 .text.lcdString
                0x08000ec2       0x2a ./Core/Src/i2c_lcd.o
                0x08000ec2                lcdString
 .text.moveCursor
                0x08000eec       0x30 ./Core/Src/i2c_lcd.o
                0x08000eec                moveCursor
 .text._write   0x08000f1c       0x28 ./Core/Src/main.o
                0x08000f1c                _write
 .text.main     0x08000f44      0x100 ./Core/Src/main.o
                0x08000f44                main
 .text.SystemClock_Config
                0x08001044       0xd0 ./Core/Src/main.o
                0x08001044                SystemClock_Config
 .text.HAL_GPIO_EXTI_Callback
                0x08001114      0x150 ./Core/Src/main.o
                0x08001114                HAL_GPIO_EXTI_Callback
 .text.HAL_TIM_PeriodElapsedCallback
                0x08001264       0x5c ./Core/Src/main.o
                0x08001264                HAL_TIM_PeriodElapsedCallback
 .text.Error_Handler
                0x080012c0        0xc ./Core/Src/main.o
                0x080012c0                Error_Handler
 .text.initMotor
                0x080012cc       0x52 ./Core/Src/motor.o
                0x080012cc                initMotor
 *fill*         0x0800131e        0x2 
 .text.stepMotor
                0x08001320       0x78 ./Core/Src/motor.o
                0x08001320                stepMotor
 .text.rotateSteps
                0x08001398       0x6a ./Core/Src/motor.o
                0x08001398                rotateSteps
 *fill*         0x08001402        0x2 
 .text.rotateDegrees
                0x08001404       0x38 ./Core/Src/motor.o
                0x08001404                rotateDegrees
 .text.rotateMotorContinuous
                0x0800143c       0x6c ./Core/Src/motor.o
                0x0800143c                rotateMotorContinuous
 .text.stopMotor
                0x080014a8       0x56 ./Core/Src/motor.o
                0x080014a8                stopMotor
 *fill*         0x080014fe        0x2 
 .text.HAL_MspInit
                0x08001500       0x50 ./Core/Src/stm32f4xx_hal_msp.o
                0x08001500                HAL_MspInit
 .text.NMI_Handler
                0x08001550        0x8 ./Core/Src/stm32f4xx_it.o
                0x08001550                NMI_Handler
 .text.HardFault_Handler
                0x08001558        0x8 ./Core/Src/stm32f4xx_it.o
                0x08001558                HardFault_Handler
 .text.MemManage_Handler
                0x08001560        0x8 ./Core/Src/stm32f4xx_it.o
                0x08001560                MemManage_Handler
 .text.BusFault_Handler
                0x08001568        0x8 ./Core/Src/stm32f4xx_it.o
                0x08001568                BusFault_Handler
 .text.UsageFault_Handler
                0x08001570        0x8 ./Core/Src/stm32f4xx_it.o
                0x08001570                UsageFault_Handler
 .text.SVC_Handler
                0x08001578        0xe ./Core/Src/stm32f4xx_it.o
                0x08001578                SVC_Handler
 .text.DebugMon_Handler
                0x08001586        0xe ./Core/Src/stm32f4xx_it.o
                0x08001586                DebugMon_Handler
 .text.PendSV_Handler
                0x08001594        0xe ./Core/Src/stm32f4xx_it.o
                0x08001594                PendSV_Handler
 .text.SysTick_Handler
                0x080015a2        0xc ./Core/Src/stm32f4xx_it.o
                0x080015a2                SysTick_Handler
 .text.EXTI0_IRQHandler
                0x080015ae        0xe ./Core/Src/stm32f4xx_it.o
                0x080015ae                EXTI0_IRQHandler
 .text.EXTI1_IRQHandler
                0x080015bc        0xe ./Core/Src/stm32f4xx_it.o
                0x080015bc                EXTI1_IRQHandler
 .text.EXTI2_IRQHandler
                0x080015ca        0xe ./Core/Src/stm32f4xx_it.o
                0x080015ca                EXTI2_IRQHandler
 .text.EXTI4_IRQHandler
                0x080015d8        0xe ./Core/Src/stm32f4xx_it.o
                0x080015d8                EXTI4_IRQHandler
 .text.EXTI9_5_IRQHandler
                0x080015e6       0x24 ./Core/Src/stm32f4xx_it.o
                0x080015e6                EXTI9_5_IRQHandler
 *fill*         0x0800160a        0x2 
 .text.TIM3_IRQHandler
                0x0800160c       0x14 ./Core/Src/stm32f4xx_it.o
                0x0800160c                TIM3_IRQHandler
 .text.USART2_IRQHandler
                0x08001620       0x14 ./Core/Src/stm32f4xx_it.o
                0x08001620                USART2_IRQHandler
 .text._read    0x08001634       0x3a ./Core/Src/syscalls.o
                0x08001634                _read
 .text._close   0x0800166e       0x18 ./Core/Src/syscalls.o
                0x0800166e                _close
 .text._fstat   0x08001686       0x20 ./Core/Src/syscalls.o
                0x08001686                _fstat
 .text._isatty  0x080016a6       0x16 ./Core/Src/syscalls.o
                0x080016a6                _isatty
 .text._lseek   0x080016bc       0x1a ./Core/Src/syscalls.o
                0x080016bc                _lseek
 *fill*         0x080016d6        0x2 
 .text._sbrk    0x080016d8       0x6c ./Core/Src/sysmem.o
                0x080016d8                _sbrk
 .text.SystemInit
                0x08001744       0x24 ./Core/Src/system_stm32f4xx.o
                0x08001744                SystemInit
 .text.MX_TIM3_Init
                0x08001768       0x9c ./Core/Src/tim.o
                0x08001768                MX_TIM3_Init
 .text.MX_TIM11_Init
                0x08001804       0x48 ./Core/Src/tim.o
                0x08001804                MX_TIM11_Init
 .text.HAL_TIM_Base_MspInit
                0x0800184c       0x7c ./Core/Src/tim.o
                0x0800184c                HAL_TIM_Base_MspInit
 .text.MX_USART2_UART_Init
                0x080018c8       0x54 ./Core/Src/usart.o
                0x080018c8                MX_USART2_UART_Init
 .text.HAL_UART_MspInit
                0x0800191c       0xa0 ./Core/Src/usart.o
                0x0800191c                HAL_UART_MspInit
 .text.Reset_Handler
                0x080019bc       0x50 ./Core/Startup/startup_stm32f411retx.o
                0x080019bc                Reset_Handler
 .text.Default_Handler
                0x08001a0c        0x2 ./Core/Startup/startup_stm32f411retx.o
                0x08001a0c                RTC_Alarm_IRQHandler
                0x08001a0c                SPI4_IRQHandler
                0x08001a0c                TIM1_CC_IRQHandler
                0x08001a0c                DMA2_Stream5_IRQHandler
                0x08001a0c                DMA1_Stream5_IRQHandler
                0x08001a0c                PVD_IRQHandler
                0x08001a0c                SDIO_IRQHandler
                0x08001a0c                TAMP_STAMP_IRQHandler
                0x08001a0c                EXTI3_IRQHandler
                0x08001a0c                TIM1_UP_TIM10_IRQHandler
                0x08001a0c                I2C3_ER_IRQHandler
                0x08001a0c                I2C2_EV_IRQHandler
                0x08001a0c                DMA1_Stream2_IRQHandler
                0x08001a0c                FPU_IRQHandler
                0x08001a0c                DMA2_Stream2_IRQHandler
                0x08001a0c                SPI1_IRQHandler
                0x08001a0c                TIM1_BRK_TIM9_IRQHandler
                0x08001a0c                DMA2_Stream3_IRQHandler
                0x08001a0c                USART6_IRQHandler
                0x08001a0c                DMA2_Stream0_IRQHandler
                0x08001a0c                TIM4_IRQHandler
                0x08001a0c                I2C1_EV_IRQHandler
                0x08001a0c                DMA1_Stream6_IRQHandler
                0x08001a0c                DMA1_Stream1_IRQHandler
                0x08001a0c                RCC_IRQHandler
                0x08001a0c                Default_Handler
                0x08001a0c                EXTI15_10_IRQHandler
                0x08001a0c                ADC_IRQHandler
                0x08001a0c                DMA1_Stream7_IRQHandler
                0x08001a0c                SPI5_IRQHandler
                0x08001a0c                TIM5_IRQHandler
                0x08001a0c                DMA2_Stream7_IRQHandler
                0x08001a0c                I2C3_EV_IRQHandler
                0x08001a0c                RTC_WKUP_IRQHandler
                0x08001a0c                SPI2_IRQHandler
                0x08001a0c                DMA1_Stream0_IRQHandler
                0x08001a0c                WWDG_IRQHandler
                0x08001a0c                TIM2_IRQHandler
                0x08001a0c                OTG_FS_WKUP_IRQHandler
                0x08001a0c                TIM1_TRG_COM_TIM11_IRQHandler
                0x08001a0c                I2C2_ER_IRQHandler
                0x08001a0c                DMA2_Stream1_IRQHandler
                0x08001a0c                FLASH_IRQHandler
                0x08001a0c                DMA2_Stream4_IRQHandler
                0x08001a0c                USART1_IRQHandler
                0x08001a0c                OTG_FS_IRQHandler
                0x08001a0c                SPI3_IRQHandler
                0x08001a0c                DMA1_Stream4_IRQHandler
                0x08001a0c                I2C1_ER_IRQHandler
                0x08001a0c                DMA2_Stream6_IRQHandler
                0x08001a0c                DMA1_Stream3_IRQHandler
 *fill*         0x08001a0e        0x2 
 .text.HAL_Init
                0x08001a10       0x44 ./Drivers/STM32F4xx_HAL_Driver/Src/stm32f4xx_hal.o
                0x08001a10                HAL_Init
 .text.HAL_InitTick
                0x08001a54       0x60 ./Drivers/STM32F4xx_HAL_Driver/Src/stm32f4xx_hal.o
                0x08001a54                HAL_InitTick
 .text.HAL_IncTick
                0x08001ab4       0x28 ./Drivers/STM32F4xx_HAL_Driver/Src/stm32f4xx_hal.o
                0x08001ab4                HAL_IncTick
 .text.HAL_GetTick
                0x08001adc       0x18 ./Drivers/STM32F4xx_HAL_Driver/Src/stm32f4xx_hal.o
                0x08001adc                HAL_GetTick
 .text.HAL_Delay
                0x08001af4       0x48 ./Drivers/STM32F4xx_HAL_Driver/Src/stm32f4xx_hal.o
                0x08001af4                HAL_Delay
 .text.__NVIC_SetPriorityGrouping
                0x08001b3c       0x48 ./Drivers/STM32F4xx_HAL_Driver/Src/stm32f4xx_hal_cortex.o
 .text.__NVIC_GetPriorityGrouping
                0x08001b84       0x1c ./Drivers/STM32F4xx_HAL_Driver/Src/stm32f4xx_hal_cortex.o
 .text.__NVIC_EnableIRQ
                0x08001ba0       0x3c ./Drivers/STM32F4xx_HAL_Driver/Src/stm32f4xx_hal_cortex.o
 .text.__NVIC_SetPriority
                0x08001bdc       0x54 ./Drivers/STM32F4xx_HAL_Driver/Src/stm32f4xx_hal_cortex.o
 .text.NVIC_EncodePriority
                0x08001c30       0x66 ./Drivers/STM32F4xx_HAL_Driver/Src/stm32f4xx_hal_cortex.o
 *fill*         0x08001c96        0x2 
 .text.SysTick_Config
                0x08001c98       0x44 ./Drivers/STM32F4xx_HAL_Driver/Src/stm32f4xx_hal_cortex.o
 .text.HAL_NVIC_SetPriorityGrouping
                0x08001cdc       0x16 ./Drivers/STM32F4xx_HAL_Driver/Src/stm32f4xx_hal_cortex.o
                0x08001cdc                HAL_NVIC_SetPriorityGrouping
 .text.HAL_NVIC_SetPriority
                0x08001cf2       0x38 ./Drivers/STM32F4xx_HAL_Driver/Src/stm32f4xx_hal_cortex.o
                0x08001cf2                HAL_NVIC_SetPriority
 .text.HAL_NVIC_EnableIRQ
                0x08001d2a       0x1c ./Drivers/STM32F4xx_HAL_Driver/Src/stm32f4xx_hal_cortex.o
                0x08001d2a                HAL_NVIC_EnableIRQ
 .text.HAL_SYSTICK_Config
                0x08001d46       0x18 ./Drivers/STM32F4xx_HAL_Driver/Src/stm32f4xx_hal_cortex.o
                0x08001d46                HAL_SYSTICK_Config
 .text.HAL_DMA_Abort
                0x08001d5e       0xe0 ./Drivers/STM32F4xx_HAL_Driver/Src/stm32f4xx_hal_dma.o
                0x08001d5e                HAL_DMA_Abort
 .text.HAL_DMA_Abort_IT
                0x08001e3e       0x44 ./Drivers/STM32F4xx_HAL_Driver/Src/stm32f4xx_hal_dma.o
                0x08001e3e                HAL_DMA_Abort_IT
 *fill*         0x08001e82        0x2 
 .text.HAL_GPIO_Init
                0x08001e84      0x308 ./Drivers/STM32F4xx_HAL_Driver/Src/stm32f4xx_hal_gpio.o
                0x08001e84                HAL_GPIO_Init
 .text.HAL_GPIO_ReadPin
                0x0800218c       0x30 ./Drivers/STM32F4xx_HAL_Driver/Src/stm32f4xx_hal_gpio.o
                0x0800218c                HAL_GPIO_ReadPin
 .text.HAL_GPIO_WritePin
                0x080021bc       0x32 ./Drivers/STM32F4xx_HAL_Driver/Src/stm32f4xx_hal_gpio.o
                0x080021bc                HAL_GPIO_WritePin
 *fill*         0x080021ee        0x2 
 .text.HAL_GPIO_EXTI_IRQHandler
                0x080021f0       0x30 ./Drivers/STM32F4xx_HAL_Driver/Src/stm32f4xx_hal_gpio.o
                0x080021f0                HAL_GPIO_EXTI_IRQHandler
 .text.HAL_I2C_Init
                0x08002220      0x288 ./Drivers/STM32F4xx_HAL_Driver/Src/stm32f4xx_hal_i2c.o
                0x08002220                HAL_I2C_Init
 .text.HAL_I2C_Master_Transmit
                0x080024a8      0x1fc ./Drivers/STM32F4xx_HAL_Driver/Src/stm32f4xx_hal_i2c.o
                0x080024a8                HAL_I2C_Master_Transmit
 .text.I2C_MasterRequestWrite
                0x080026a4      0x104 ./Drivers/STM32F4xx_HAL_Driver/Src/stm32f4xx_hal_i2c.o
 .text.I2C_WaitOnFlagUntilTimeout
                0x080027a8       0xf4 ./Drivers/STM32F4xx_HAL_Driver/Src/stm32f4xx_hal_i2c.o
 .text.I2C_WaitOnMasterAddressFlagUntilTimeout
                0x0800289c      0x140 ./Drivers/STM32F4xx_HAL_Driver/Src/stm32f4xx_hal_i2c.o
 .text.I2C_WaitOnTXEFlagUntilTimeout
                0x080029dc       0x90 ./Drivers/STM32F4xx_HAL_Driver/Src/stm32f4xx_hal_i2c.o
 .text.I2C_WaitOnBTFFlagUntilTimeout
                0x08002a6c       0x90 ./Drivers/STM32F4xx_HAL_Driver/Src/stm32f4xx_hal_i2c.o
 .text.I2C_IsAcknowledgeFailed
                0x08002afc       0x5e ./Drivers/STM32F4xx_HAL_Driver/Src/stm32f4xx_hal_i2c.o
 *fill*         0x08002b5a        0x2 
 .text.HAL_RCC_OscConfig
                0x08002b5c      0x4f0 ./Drivers/STM32F4xx_HAL_Driver/Src/stm32f4xx_hal_rcc.o
                0x08002b5c                HAL_RCC_OscConfig
 .text.HAL_RCC_ClockConfig
                0x0800304c      0x1cc ./Drivers/STM32F4xx_HAL_Driver/Src/stm32f4xx_hal_rcc.o
                0x0800304c                HAL_RCC_ClockConfig
 .text.HAL_RCC_GetSysClockFreq
                0x08003218      0x20c ./Drivers/STM32F4xx_HAL_Driver/Src/stm32f4xx_hal_rcc.o
                0x08003218                HAL_RCC_GetSysClockFreq
 .text.HAL_RCC_GetHCLKFreq
                0x08003424       0x18 ./Drivers/STM32F4xx_HAL_Driver/Src/stm32f4xx_hal_rcc.o
                0x08003424                HAL_RCC_GetHCLKFreq
 .text.HAL_RCC_GetPCLK1Freq
                0x0800343c       0x28 ./Drivers/STM32F4xx_HAL_Driver/Src/stm32f4xx_hal_rcc.o
                0x0800343c                HAL_RCC_GetPCLK1Freq
 .text.HAL_RCC_GetPCLK2Freq
                0x08003464       0x28 ./Drivers/STM32F4xx_HAL_Driver/Src/stm32f4xx_hal_rcc.o
                0x08003464                HAL_RCC_GetPCLK2Freq
 .text.HAL_TIM_Base_Init
                0x0800348c       0x9e ./Drivers/STM32F4xx_HAL_Driver/Src/stm32f4xx_hal_tim.o
                0x0800348c                HAL_TIM_Base_Init
 *fill*         0x0800352a        0x2 
 .text.HAL_TIM_Base_Start
                0x0800352c       0xb4 ./Drivers/STM32F4xx_HAL_Driver/Src/stm32f4xx_hal_tim.o
                0x0800352c                HAL_TIM_Base_Start
 .text.HAL_TIM_Base_Stop
                0x080035e0       0x4e ./Drivers/STM32F4xx_HAL_Driver/Src/stm32f4xx_hal_tim.o
                0x080035e0                HAL_TIM_Base_Stop
 *fill*         0x0800362e        0x2 
 .text.HAL_TIM_Base_Start_IT
                0x08003630       0xc4 ./Drivers/STM32F4xx_HAL_Driver/Src/stm32f4xx_hal_tim.o
                0x08003630                HAL_TIM_Base_Start_IT
 .text.HAL_TIM_IRQHandler
                0x080036f4      0x1e0 ./Drivers/STM32F4xx_HAL_Driver/Src/stm32f4xx_hal_tim.o
                0x080036f4                HAL_TIM_IRQHandler
 .text.HAL_TIM_ConfigClockSource
                0x080038d4      0x18e ./Drivers/STM32F4xx_HAL_Driver/Src/stm32f4xx_hal_tim.o
                0x080038d4                HAL_TIM_ConfigClockSource
 .text.HAL_TIM_OC_DelayElapsedCallback
                0x08003a62       0x14 ./Drivers/STM32F4xx_HAL_Driver/Src/stm32f4xx_hal_tim.o
                0x08003a62                HAL_TIM_OC_DelayElapsedCallback
 .text.HAL_TIM_IC_CaptureCallback
                0x08003a76       0x14 ./Drivers/STM32F4xx_HAL_Driver/Src/stm32f4xx_hal_tim.o
                0x08003a76                HAL_TIM_IC_CaptureCallback
 .text.HAL_TIM_PWM_PulseFinishedCallback
                0x08003a8a       0x14 ./Drivers/STM32F4xx_HAL_Driver/Src/stm32f4xx_hal_tim.o
                0x08003a8a                HAL_TIM_PWM_PulseFinishedCallback
 .text.HAL_TIM_TriggerCallback
                0x08003a9e       0x14 ./Drivers/STM32F4xx_HAL_Driver/Src/stm32f4xx_hal_tim.o
                0x08003a9e                HAL_TIM_TriggerCallback
 *fill*         0x08003ab2        0x2 
 .text.TIM_Base_SetConfig
                0x08003ab4      0x118 ./Drivers/STM32F4xx_HAL_Driver/Src/stm32f4xx_hal_tim.o
                0x08003ab4                TIM_Base_SetConfig
 .text.TIM_TI1_ConfigInputStage
                0x08003bcc       0x5e ./Drivers/STM32F4xx_HAL_Driver/Src/stm32f4xx_hal_tim.o
 .text.TIM_TI2_ConfigInputStage
                0x08003c2a       0x60 ./Drivers/STM32F4xx_HAL_Driver/Src/stm32f4xx_hal_tim.o
 .text.TIM_ITRx_SetConfig
                0x08003c8a       0x36 ./Drivers/STM32F4xx_HAL_Driver/Src/stm32f4xx_hal_tim.o
 .text.TIM_ETR_SetConfig
                0x08003cc0       0x40 ./Drivers/STM32F4xx_HAL_Driver/Src/stm32f4xx_hal_tim.o
                0x08003cc0                TIM_ETR_SetConfig
 .text.HAL_TIMEx_MasterConfigSynchronization
                0x08003d00       0xdc ./Drivers/STM32F4xx_HAL_Driver/Src/stm32f4xx_hal_tim_ex.o
                0x08003d00                HAL_TIMEx_MasterConfigSynchronization
 .text.HAL_TIMEx_CommutCallback
                0x08003ddc       0x14 ./Drivers/STM32F4xx_HAL_Driver/Src/stm32f4xx_hal_tim_ex.o
                0x08003ddc                HAL_TIMEx_CommutCallback
 .text.HAL_TIMEx_BreakCallback
                0x08003df0       0x14 ./Drivers/STM32F4xx_HAL_Driver/Src/stm32f4xx_hal_tim_ex.o
                0x08003df0                HAL_TIMEx_BreakCallback
 .text.HAL_UART_Init
                0x08003e04       0xa0 ./Drivers/STM32F4xx_HAL_Driver/Src/stm32f4xx_hal_uart.o
                0x08003e04                HAL_UART_Init
 .text.HAL_UART_Transmit
                0x08003ea4      0x116 ./Drivers/STM32F4xx_HAL_Driver/Src/stm32f4xx_hal_uart.o
                0x08003ea4                HAL_UART_Transmit
 *fill*         0x08003fba        0x2 
 .text.HAL_UART_IRQHandler
                0x08003fbc      0x524 ./Drivers/STM32F4xx_HAL_Driver/Src/stm32f4xx_hal_uart.o
                0x08003fbc                HAL_UART_IRQHandler
 .text.HAL_UART_TxCpltCallback
                0x080044e0       0x14 ./Drivers/STM32F4xx_HAL_Driver/Src/stm32f4xx_hal_uart.o
                0x080044e0                HAL_UART_TxCpltCallback
 .text.HAL_UART_RxCpltCallback
                0x080044f4       0x14 ./Drivers/STM32F4xx_HAL_Driver/Src/stm32f4xx_hal_uart.o
                0x080044f4                HAL_UART_RxCpltCallback
 .text.HAL_UART_ErrorCallback
                0x08004508       0x14 ./Drivers/STM32F4xx_HAL_Driver/Src/stm32f4xx_hal_uart.o
                0x08004508                HAL_UART_ErrorCallback
 .text.HAL_UARTEx_RxEventCallback
                0x0800451c       0x18 ./Drivers/STM32F4xx_HAL_Driver/Src/stm32f4xx_hal_uart.o
                0x0800451c                HAL_UARTEx_RxEventCallback
 .text.UART_WaitOnFlagUntilTimeout
                0x08004534       0xb2 ./Drivers/STM32F4xx_HAL_Driver/Src/stm32f4xx_hal_uart.o
 .text.UART_EndRxTransfer
                0x080045e6       0xc6 ./Drivers/STM32F4xx_HAL_Driver/Src/stm32f4xx_hal_uart.o
 .text.UART_DMAAbortOnError
                0x080046ac       0x28 ./Drivers/STM32F4xx_HAL_Driver/Src/stm32f4xx_hal_uart.o
 .text.UART_Transmit_IT
                0x080046d4       0xa0 ./Drivers/STM32F4xx_HAL_Driver/Src/stm32f4xx_hal_uart.o
 .text.UART_EndTransmit_IT
                0x08004774       0x30 ./Drivers/STM32F4xx_HAL_Driver/Src/stm32f4xx_hal_uart.o
 .text.UART_Receive_IT
                0x080047a4      0x17c ./Drivers/STM32F4xx_HAL_Driver/Src/stm32f4xx_hal_uart.o
 .text.UART_SetConfig
                0x08004920      0x4e8 ./Drivers/STM32F4xx_HAL_Driver/Src/stm32f4xx_hal_uart.o
 .text.std      0x08004e08       0x6c C:/ST/STM32CubeIDE_1.17.0/STM32CubeIDE/plugins/com.st.stm32cube.ide.mcu.externaltools.gnu-tools-for-stm32.12.3.rel1.win32_1.1.0.202410251130/tools/bin/../lib/gcc/arm-none-eabi/12.3.1/../../../../arm-none-eabi/lib/thumb/v7e-m+fp/hard\libc_nano.a(libc_a-findfp.o)
 .text.stdio_exit_handler
                0x08004e74       0x18 C:/ST/STM32CubeIDE_1.17.0/STM32CubeIDE/plugins/com.st.stm32cube.ide.mcu.externaltools.gnu-tools-for-stm32.12.3.rel1.win32_1.1.0.202410251130/tools/bin/../lib/gcc/arm-none-eabi/12.3.1/../../../../arm-none-eabi/lib/thumb/v7e-m+fp/hard\libc_nano.a(libc_a-findfp.o)
 .text.cleanup_stdio
                0x08004e8c       0x40 C:/ST/STM32CubeIDE_1.17.0/STM32CubeIDE/plugins/com.st.stm32cube.ide.mcu.externaltools.gnu-tools-for-stm32.12.3.rel1.win32_1.1.0.202410251130/tools/bin/../lib/gcc/arm-none-eabi/12.3.1/../../../../arm-none-eabi/lib/thumb/v7e-m+fp/hard\libc_nano.a(libc_a-findfp.o)
 .text.global_stdio_init.part.0
                0x08004ecc       0x3c C:/ST/STM32CubeIDE_1.17.0/STM32CubeIDE/plugins/com.st.stm32cube.ide.mcu.externaltools.gnu-tools-for-stm32.12.3.rel1.win32_1.1.0.202410251130/tools/bin/../lib/gcc/arm-none-eabi/12.3.1/../../../../arm-none-eabi/lib/thumb/v7e-m+fp/hard\libc_nano.a(libc_a-findfp.o)
 .text.__sfp_lock_acquire
                0x08004f08        0xc C:/ST/STM32CubeIDE_1.17.0/STM32CubeIDE/plugins/com.st.stm32cube.ide.mcu.externaltools.gnu-tools-for-stm32.12.3.rel1.win32_1.1.0.202410251130/tools/bin/../lib/gcc/arm-none-eabi/12.3.1/../../../../arm-none-eabi/lib/thumb/v7e-m+fp/hard\libc_nano.a(libc_a-findfp.o)
                0x08004f08                __sfp_lock_acquire
 .text.__sfp_lock_release
                0x08004f14        0xc C:/ST/STM32CubeIDE_1.17.0/STM32CubeIDE/plugins/com.st.stm32cube.ide.mcu.externaltools.gnu-tools-for-stm32.12.3.rel1.win32_1.1.0.202410251130/tools/bin/../lib/gcc/arm-none-eabi/12.3.1/../../../../arm-none-eabi/lib/thumb/v7e-m+fp/hard\libc_nano.a(libc_a-findfp.o)
                0x08004f14                __sfp_lock_release
 .text.__sinit  0x08004f20       0x30 C:/ST/STM32CubeIDE_1.17.0/STM32CubeIDE/plugins/com.st.stm32cube.ide.mcu.externaltools.gnu-tools-for-stm32.12.3.rel1.win32_1.1.0.202410251130/tools/bin/../lib/gcc/arm-none-eabi/12.3.1/../../../../arm-none-eabi/lib/thumb/v7e-m+fp/hard\libc_nano.a(libc_a-findfp.o)
                0x08004f20                __sinit
 .text._fwalk_sglue
                0x08004f50       0x3c C:/ST/STM32CubeIDE_1.17.0/STM32CubeIDE/plugins/com.st.stm32cube.ide.mcu.externaltools.gnu-tools-for-stm32.12.3.rel1.win32_1.1.0.202410251130/tools/bin/../lib/gcc/arm-none-eabi/12.3.1/../../../../arm-none-eabi/lib/thumb/v7e-m+fp/hard\libc_nano.a(libc_a-fwalk.o)
                0x08004f50                _fwalk_sglue
 .text.printf   0x08004f8c       0x24 C:/ST/STM32CubeIDE_1.17.0/STM32CubeIDE/plugins/com.st.stm32cube.ide.mcu.externaltools.gnu-tools-for-stm32.12.3.rel1.win32_1.1.0.202410251130/tools/bin/../lib/gcc/arm-none-eabi/12.3.1/../../../../arm-none-eabi/lib/thumb/v7e-m+fp/hard\libc_nano.a(libc_a-printf.o)
                0x08004f8c                iprintf
                0x08004f8c                printf
 .text._puts_r  0x08004fb0       0xaa C:/ST/STM32CubeIDE_1.17.0/STM32CubeIDE/plugins/com.st.stm32cube.ide.mcu.externaltools.gnu-tools-for-stm32.12.3.rel1.win32_1.1.0.202410251130/tools/bin/../lib/gcc/arm-none-eabi/12.3.1/../../../../arm-none-eabi/lib/thumb/v7e-m+fp/hard\libc_nano.a(libc_a-puts.o)
                0x08004fb0                _puts_r
 *fill*         0x0800505a        0x2 
 .text.puts     0x0800505c       0x10 C:/ST/STM32CubeIDE_1.17.0/STM32CubeIDE/plugins/com.st.stm32cube.ide.mcu.externaltools.gnu-tools-for-stm32.12.3.rel1.win32_1.1.0.202410251130/tools/bin/../lib/gcc/arm-none-eabi/12.3.1/../../../../arm-none-eabi/lib/thumb/v7e-m+fp/hard\libc_nano.a(libc_a-puts.o)
                0x0800505c                puts
 .text.__sread  0x0800506c       0x22 C:/ST/STM32CubeIDE_1.17.0/STM32CubeIDE/plugins/com.st.stm32cube.ide.mcu.externaltools.gnu-tools-for-stm32.12.3.rel1.win32_1.1.0.202410251130/tools/bin/../lib/gcc/arm-none-eabi/12.3.1/../../../../arm-none-eabi/lib/thumb/v7e-m+fp/hard\libc_nano.a(libc_a-stdio.o)
                0x0800506c                __sread
 .text.__swrite
                0x0800508e       0x38 C:/ST/STM32CubeIDE_1.17.0/STM32CubeIDE/plugins/com.st.stm32cube.ide.mcu.externaltools.gnu-tools-for-stm32.12.3.rel1.win32_1.1.0.202410251130/tools/bin/../lib/gcc/arm-none-eabi/12.3.1/../../../../arm-none-eabi/lib/thumb/v7e-m+fp/hard\libc_nano.a(libc_a-stdio.o)
                0x0800508e                __swrite
 .text.__sseek  0x080050c6       0x24 C:/ST/STM32CubeIDE_1.17.0/STM32CubeIDE/plugins/com.st.stm32cube.ide.mcu.externaltools.gnu-tools-for-stm32.12.3.rel1.win32_1.1.0.202410251130/tools/bin/../lib/gcc/arm-none-eabi/12.3.1/../../../../arm-none-eabi/lib/thumb/v7e-m+fp/hard\libc_nano.a(libc_a-stdio.o)
                0x080050c6                __sseek
 .text.__sclose
                0x080050ea        0x8 C:/ST/STM32CubeIDE_1.17.0/STM32CubeIDE/plugins/com.st.stm32cube.ide.mcu.externaltools.gnu-tools-for-stm32.12.3.rel1.win32_1.1.0.202410251130/tools/bin/../lib/gcc/arm-none-eabi/12.3.1/../../../../arm-none-eabi/lib/thumb/v7e-m+fp/hard\libc_nano.a(libc_a-stdio.o)
                0x080050ea                __sclose
 .text.__swbuf_r
                0x080050f2       0x7c C:/ST/STM32CubeIDE_1.17.0/STM32CubeIDE/plugins/com.st.stm32cube.ide.mcu.externaltools.gnu-tools-for-stm32.12.3.rel1.win32_1.1.0.202410251130/tools/bin/../lib/gcc/arm-none-eabi/12.3.1/../../../../arm-none-eabi/lib/thumb/v7e-m+fp/hard\libc_nano.a(libc_a-wbuf.o)
                0x080050f2                __swbuf_r
 *fill*         0x0800516e        0x2 
 .text.__swsetup_r
                0x08005170       0xac C:/ST/STM32CubeIDE_1.17.0/STM32CubeIDE/plugins/com.st.stm32cube.ide.mcu.externaltools.gnu-tools-for-stm32.12.3.rel1.win32_1.1.0.202410251130/tools/bin/../lib/gcc/arm-none-eabi/12.3.1/../../../../arm-none-eabi/lib/thumb/v7e-m+fp/hard\libc_nano.a(libc_a-wsetup.o)
                0x08005170                __swsetup_r
 .text.memset   0x0800521c       0x10 C:/ST/STM32CubeIDE_1.17.0/STM32CubeIDE/plugins/com.st.stm32cube.ide.mcu.externaltools.gnu-tools-for-stm32.12.3.rel1.win32_1.1.0.202410251130/tools/bin/../lib/gcc/arm-none-eabi/12.3.1/../../../../arm-none-eabi/lib/thumb/v7e-m+fp/hard\libc_nano.a(libc_a-memset.o)
                0x0800521c                memset
 .text._close_r
                0x0800522c       0x20 C:/ST/STM32CubeIDE_1.17.0/STM32CubeIDE/plugins/com.st.stm32cube.ide.mcu.externaltools.gnu-tools-for-stm32.12.3.rel1.win32_1.1.0.202410251130/tools/bin/../lib/gcc/arm-none-eabi/12.3.1/../../../../arm-none-eabi/lib/thumb/v7e-m+fp/hard\libc_nano.a(libc_a-closer.o)
                0x0800522c                _close_r
 .text._lseek_r
                0x0800524c       0x24 C:/ST/STM32CubeIDE_1.17.0/STM32CubeIDE/plugins/com.st.stm32cube.ide.mcu.externaltools.gnu-tools-for-stm32.12.3.rel1.win32_1.1.0.202410251130/tools/bin/../lib/gcc/arm-none-eabi/12.3.1/../../../../arm-none-eabi/lib/thumb/v7e-m+fp/hard\libc_nano.a(libc_a-lseekr.o)
                0x0800524c                _lseek_r
 .text._read_r  0x08005270       0x24 C:/ST/STM32CubeIDE_1.17.0/STM32CubeIDE/plugins/com.st.stm32cube.ide.mcu.externaltools.gnu-tools-for-stm32.12.3.rel1.win32_1.1.0.202410251130/tools/bin/../lib/gcc/arm-none-eabi/12.3.1/../../../../arm-none-eabi/lib/thumb/v7e-m+fp/hard\libc_nano.a(libc_a-readr.o)
                0x08005270                _read_r
 .text._write_r
                0x08005294       0x24 C:/ST/STM32CubeIDE_1.17.0/STM32CubeIDE/plugins/com.st.stm32cube.ide.mcu.externaltools.gnu-tools-for-stm32.12.3.rel1.win32_1.1.0.202410251130/tools/bin/../lib/gcc/arm-none-eabi/12.3.1/../../../../arm-none-eabi/lib/thumb/v7e-m+fp/hard\libc_nano.a(libc_a-writer.o)
                0x08005294                _write_r
 .text.__errno  0x080052b8        0xc C:/ST/STM32CubeIDE_1.17.0/STM32CubeIDE/plugins/com.st.stm32cube.ide.mcu.externaltools.gnu-tools-for-stm32.12.3.rel1.win32_1.1.0.202410251130/tools/bin/../lib/gcc/arm-none-eabi/12.3.1/../../../../arm-none-eabi/lib/thumb/v7e-m+fp/hard\libc_nano.a(libc_a-errno.o)
                0x080052b8                __errno
 .text.__libc_init_array
                0x080052c4       0x48 C:/ST/STM32CubeIDE_1.17.0/STM32CubeIDE/plugins/com.st.stm32cube.ide.mcu.externaltools.gnu-tools-for-stm32.12.3.rel1.win32_1.1.0.202410251130/tools/bin/../lib/gcc/arm-none-eabi/12.3.1/../../../../arm-none-eabi/lib/thumb/v7e-m+fp/hard\libc_nano.a(libc_a-init.o)
                0x080052c4                __libc_init_array
 .text.__retarget_lock_init_recursive
                0x0800530c        0x2 C:/ST/STM32CubeIDE_1.17.0/STM32CubeIDE/plugins/com.st.stm32cube.ide.mcu.externaltools.gnu-tools-for-stm32.12.3.rel1.win32_1.1.0.202410251130/tools/bin/../lib/gcc/arm-none-eabi/12.3.1/../../../../arm-none-eabi/lib/thumb/v7e-m+fp/hard\libc_nano.a(libc_a-lock.o)
                0x0800530c                __retarget_lock_init_recursive
 .text.__retarget_lock_acquire_recursive
                0x0800530e        0x2 C:/ST/STM32CubeIDE_1.17.0/STM32CubeIDE/plugins/com.st.stm32cube.ide.mcu.externaltools.gnu-tools-for-stm32.12.3.rel1.win32_1.1.0.202410251130/tools/bin/../lib/gcc/arm-none-eabi/12.3.1/../../../../arm-none-eabi/lib/thumb/v7e-m+fp/hard\libc_nano.a(libc_a-lock.o)
                0x0800530e                __retarget_lock_acquire_recursive
 .text.__retarget_lock_release_recursive
                0x08005310        0x2 C:/ST/STM32CubeIDE_1.17.0/STM32CubeIDE/plugins/com.st.stm32cube.ide.mcu.externaltools.gnu-tools-for-stm32.12.3.rel1.win32_1.1.0.202410251130/tools/bin/../lib/gcc/arm-none-eabi/12.3.1/../../../../arm-none-eabi/lib/thumb/v7e-m+fp/hard\libc_nano.a(libc_a-lock.o)
                0x08005310                __retarget_lock_release_recursive
 *fill*         0x08005312        0x2 
 .text._free_r  0x08005314       0x94 C:/ST/STM32CubeIDE_1.17.0/STM32CubeIDE/plugins/com.st.stm32cube.ide.mcu.externaltools.gnu-tools-for-stm32.12.3.rel1.win32_1.1.0.202410251130/tools/bin/../lib/gcc/arm-none-eabi/12.3.1/../../../../arm-none-eabi/lib/thumb/v7e-m+fp/hard\libc_nano.a(libc_a-freer.o)
                0x08005314                _free_r
 .text.sbrk_aligned
                0x080053a8       0x44 C:/ST/STM32CubeIDE_1.17.0/STM32CubeIDE/plugins/com.st.stm32cube.ide.mcu.externaltools.gnu-tools-for-stm32.12.3.rel1.win32_1.1.0.202410251130/tools/bin/../lib/gcc/arm-none-eabi/12.3.1/../../../../arm-none-eabi/lib/thumb/v7e-m+fp/hard\libc_nano.a(libc_a-mallocr.o)
 .text._malloc_r
                0x080053ec      0x100 C:/ST/STM32CubeIDE_1.17.0/STM32CubeIDE/plugins/com.st.stm32cube.ide.mcu.externaltools.gnu-tools-for-stm32.12.3.rel1.win32_1.1.0.202410251130/tools/bin/../lib/gcc/arm-none-eabi/12.3.1/../../../../arm-none-eabi/lib/thumb/v7e-m+fp/hard\libc_nano.a(libc_a-mallocr.o)
                0x080053ec                _malloc_r
 .text.__malloc_lock
                0x080054ec        0xc C:/ST/STM32CubeIDE_1.17.0/STM32CubeIDE/plugins/com.st.stm32cube.ide.mcu.externaltools.gnu-tools-for-stm32.12.3.rel1.win32_1.1.0.202410251130/tools/bin/../lib/gcc/arm-none-eabi/12.3.1/../../../../arm-none-eabi/lib/thumb/v7e-m+fp/hard\libc_nano.a(libc_a-mlock.o)
                0x080054ec                __malloc_lock
 .text.__malloc_unlock
                0x080054f8        0xc C:/ST/STM32CubeIDE_1.17.0/STM32CubeIDE/plugins/com.st.stm32cube.ide.mcu.externaltools.gnu-tools-for-stm32.12.3.rel1.win32_1.1.0.202410251130/tools/bin/../lib/gcc/arm-none-eabi/12.3.1/../../../../arm-none-eabi/lib/thumb/v7e-m+fp/hard\libc_nano.a(libc_a-mlock.o)
                0x080054f8                __malloc_unlock
 .text.__sfputc_r
                0x08005504       0x2e C:/ST/STM32CubeIDE_1.17.0/STM32CubeIDE/plugins/com.st.stm32cube.ide.mcu.externaltools.gnu-tools-for-stm32.12.3.rel1.win32_1.1.0.202410251130/tools/bin/../lib/gcc/arm-none-eabi/12.3.1/../../../../arm-none-eabi/lib/thumb/v7e-m+fp/hard\libc_nano.a(libc_a-nano-vfprintf.o)
 .text.__sfputs_r
                0x08005532       0x24 C:/ST/STM32CubeIDE_1.17.0/STM32CubeIDE/plugins/com.st.stm32cube.ide.mcu.externaltools.gnu-tools-for-stm32.12.3.rel1.win32_1.1.0.202410251130/tools/bin/../lib/gcc/arm-none-eabi/12.3.1/../../../../arm-none-eabi/lib/thumb/v7e-m+fp/hard\libc_nano.a(libc_a-nano-vfprintf.o)
                0x08005532                __sfputs_r
 *fill*         0x08005556        0x2 
 .text._vfprintf_r
                0x08005558      0x230 C:/ST/STM32CubeIDE_1.17.0/STM32CubeIDE/plugins/com.st.stm32cube.ide.mcu.externaltools.gnu-tools-for-stm32.12.3.rel1.win32_1.1.0.202410251130/tools/bin/../lib/gcc/arm-none-eabi/12.3.1/../../../../arm-none-eabi/lib/thumb/v7e-m+fp/hard\libc_nano.a(libc_a-nano-vfprintf.o)
                0x08005558                _vfprintf_r
                0x08005558                _vfiprintf_r
 .text._printf_common
                0x08005788       0xda C:/ST/STM32CubeIDE_1.17.0/STM32CubeIDE/plugins/com.st.stm32cube.ide.mcu.externaltools.gnu-tools-for-stm32.12.3.rel1.win32_1.1.0.202410251130/tools/bin/../lib/gcc/arm-none-eabi/12.3.1/../../../../arm-none-eabi/lib/thumb/v7e-m+fp/hard\libc_nano.a(libc_a-nano-vfprintf_i.o)
                0x08005788                _printf_common
 *fill*         0x08005862        0x2 
 .text._printf_i
                0x08005864      0x240 C:/ST/STM32CubeIDE_1.17.0/STM32CubeIDE/plugins/com.st.stm32cube.ide.mcu.externaltools.gnu-tools-for-stm32.12.3.rel1.win32_1.1.0.202410251130/tools/bin/../lib/gcc/arm-none-eabi/12.3.1/../../../../arm-none-eabi/lib/thumb/v7e-m+fp/hard\libc_nano.a(libc_a-nano-vfprintf_i.o)
                0x08005864                _printf_i
 .text.__sflush_r
                0x08005aa4      0x108 C:/ST/STM32CubeIDE_1.17.0/STM32CubeIDE/plugins/com.st.stm32cube.ide.mcu.externaltools.gnu-tools-for-stm32.12.3.rel1.win32_1.1.0.202410251130/tools/bin/../lib/gcc/arm-none-eabi/12.3.1/../../../../arm-none-eabi/lib/thumb/v7e-m+fp/hard\libc_nano.a(libc_a-fflush.o)
                0x08005aa4                __sflush_r
 .text._fflush_r
                0x08005bac       0x50 C:/ST/STM32CubeIDE_1.17.0/STM32CubeIDE/plugins/com.st.stm32cube.ide.mcu.externaltools.gnu-tools-for-stm32.12.3.rel1.win32_1.1.0.202410251130/tools/bin/../lib/gcc/arm-none-eabi/12.3.1/../../../../arm-none-eabi/lib/thumb/v7e-m+fp/hard\libc_nano.a(libc_a-fflush.o)
                0x08005bac                _fflush_r
 .text.__swhatbuf_r
                0x08005bfc       0x4c C:/ST/STM32CubeIDE_1.17.0/STM32CubeIDE/plugins/com.st.stm32cube.ide.mcu.externaltools.gnu-tools-for-stm32.12.3.rel1.win32_1.1.0.202410251130/tools/bin/../lib/gcc/arm-none-eabi/12.3.1/../../../../arm-none-eabi/lib/thumb/v7e-m+fp/hard\libc_nano.a(libc_a-makebuf.o)
                0x08005bfc                __swhatbuf_r
 .text.__smakebuf_r
                0x08005c48       0x78 C:/ST/STM32CubeIDE_1.17.0/STM32CubeIDE/plugins/com.st.stm32cube.ide.mcu.externaltools.gnu-tools-for-stm32.12.3.rel1.win32_1.1.0.202410251130/tools/bin/../lib/gcc/arm-none-eabi/12.3.1/../../../../arm-none-eabi/lib/thumb/v7e-m+fp/hard\libc_nano.a(libc_a-makebuf.o)
                0x08005c48                __smakebuf_r
 .text._fstat_r
                0x08005cc0       0x24 C:/ST/STM32CubeIDE_1.17.0/STM32CubeIDE/plugins/com.st.stm32cube.ide.mcu.externaltools.gnu-tools-for-stm32.12.3.rel1.win32_1.1.0.202410251130/tools/bin/../lib/gcc/arm-none-eabi/12.3.1/../../../../arm-none-eabi/lib/thumb/v7e-m+fp/hard\libc_nano.a(libc_a-fstatr.o)
                0x08005cc0                _fstat_r
 .text._isatty_r
                0x08005ce4       0x20 C:/ST/STM32CubeIDE_1.17.0/STM32CubeIDE/plugins/com.st.stm32cube.ide.mcu.externaltools.gnu-tools-for-stm32.12.3.rel1.win32_1.1.0.202410251130/tools/bin/../lib/gcc/arm-none-eabi/12.3.1/../../../../arm-none-eabi/lib/thumb/v7e-m+fp/hard\libc_nano.a(libc_a-isattyr.o)
                0x08005ce4                _isatty_r
 .text._sbrk_r  0x08005d04       0x20 C:/ST/STM32CubeIDE_1.17.0/STM32CubeIDE/plugins/com.st.stm32cube.ide.mcu.externaltools.gnu-tools-for-stm32.12.3.rel1.win32_1.1.0.202410251130/tools/bin/../lib/gcc/arm-none-eabi/12.3.1/../../../../arm-none-eabi/lib/thumb/v7e-m+fp/hard\libc_nano.a(libc_a-sbrkr.o)
                0x08005d04                _sbrk_r
 *(.glue_7)
 .glue_7        0x08005d24        0x0 linker stubs
 *(.glue_7t)
 .glue_7t       0x08005d24        0x0 linker stubs
 *(.eh_frame)
 .eh_frame      0x08005d24        0x0 C:/ST/STM32CubeIDE_1.17.0/STM32CubeIDE/plugins/com.st.stm32cube.ide.mcu.externaltools.gnu-tools-for-stm32.12.3.rel1.win32_1.1.0.202410251130/tools/bin/../lib/gcc/arm-none-eabi/12.3.1/thumb/v7e-m+fp/hard/crtbegin.o
 *(.init)
 .init          0x08005d24        0x4 C:/ST/STM32CubeIDE_1.17.0/STM32CubeIDE/plugins/com.st.stm32cube.ide.mcu.externaltools.gnu-tools-for-stm32.12.3.rel1.win32_1.1.0.202410251130/tools/bin/../lib/gcc/arm-none-eabi/12.3.1/thumb/v7e-m+fp/hard/crti.o
                0x08005d24                _init
 .init          0x08005d28        0x8 C:/ST/STM32CubeIDE_1.17.0/STM32CubeIDE/plugins/com.st.stm32cube.ide.mcu.externaltools.gnu-tools-for-stm32.12.3.rel1.win32_1.1.0.202410251130/tools/bin/../lib/gcc/arm-none-eabi/12.3.1/thumb/v7e-m+fp/hard/crtn.o
 *(.fini)
 .fini          0x08005d30        0x4 C:/ST/STM32CubeIDE_1.17.0/STM32CubeIDE/plugins/com.st.stm32cube.ide.mcu.externaltools.gnu-tools-for-stm32.12.3.rel1.win32_1.1.0.202410251130/tools/bin/../lib/gcc/arm-none-eabi/12.3.1/thumb/v7e-m+fp/hard/crti.o
                0x08005d30                _fini
 .fini          0x08005d34        0x8 C:/ST/STM32CubeIDE_1.17.0/STM32CubeIDE/plugins/com.st.stm32cube.ide.mcu.externaltools.gnu-tools-for-stm32.12.3.rel1.win32_1.1.0.202410251130/tools/bin/../lib/gcc/arm-none-eabi/12.3.1/thumb/v7e-m+fp/hard/crtn.o
                0x08005d3c                        . = ALIGN (0x4)
                0x08005d3c                        _etext = .

.vfp11_veneer   0x08005d3c        0x0
 .vfp11_veneer  0x08005d3c        0x0 linker stubs

.v4_bx          0x08005d3c        0x0
 .v4_bx         0x08005d3c        0x0 linker stubs

.iplt           0x08005d3c        0x0
 .iplt          0x08005d3c        0x0 C:/ST/STM32CubeIDE_1.17.0/STM32CubeIDE/plugins/com.st.stm32cube.ide.mcu.externaltools.gnu-tools-for-stm32.12.3.rel1.win32_1.1.0.202410251130/tools/bin/../lib/gcc/arm-none-eabi/12.3.1/thumb/v7e-m+fp/hard/crtbegin.o

.rodata         0x08005d3c      0x284
                0x08005d3c                        . = ALIGN (0x4)
 *(.rodata)
 .rodata        0x08005d3c      0x15e ./Core/Src/Ele_And_Door.o
 *fill*         0x08005e9a        0x2 
 .rodata        0x08005e9c       0xb8 ./Core/Src/btn.o
 *(.rodata*)
 .rodata.HALF_STEP_SEQ
                0x08005f54       0x20 ./Core/Src/motor.o
 .rodata.AHBPrescTable
                0x08005f74       0x10 ./Core/Src/system_stm32f4xx.o
                0x08005f74                AHBPrescTable
 .rodata.APBPrescTable
                0x08005f84        0x8 ./Core/Src/system_stm32f4xx.o
                0x08005f84                APBPrescTable
 .rodata._vfprintf_r.str1.1
                0x08005f8c       0x11 C:/ST/STM32CubeIDE_1.17.0/STM32CubeIDE/plugins/com.st.stm32cube.ide.mcu.externaltools.gnu-tools-for-stm32.12.3.rel1.win32_1.1.0.202410251130/tools/bin/../lib/gcc/arm-none-eabi/12.3.1/../../../../arm-none-eabi/lib/thumb/v7e-m+fp/hard\libc_nano.a(libc_a-nano-vfprintf.o)
 .rodata._printf_i.str1.1
                0x08005f9d       0x22 C:/ST/STM32CubeIDE_1.17.0/STM32CubeIDE/plugins/com.st.stm32cube.ide.mcu.externaltools.gnu-tools-for-stm32.12.3.rel1.win32_1.1.0.202410251130/tools/bin/../lib/gcc/arm-none-eabi/12.3.1/../../../../arm-none-eabi/lib/thumb/v7e-m+fp/hard\libc_nano.a(libc_a-nano-vfprintf_i.o)
                0x08005fc0                        . = ALIGN (0x4)
 *fill*         0x08005fbf        0x1 

.ARM.extab      0x08005fc0        0x0
                0x08005fc0                        . = ALIGN (0x4)
 *(.ARM.extab* .gnu.linkonce.armextab.*)
                0x08005fc0                        . = ALIGN (0x4)

.ARM            0x08005fc0        0x8
                0x08005fc0                        . = ALIGN (0x4)
                0x08005fc0                        __exidx_start = .
 *(.ARM.exidx*)
 .ARM.exidx     0x08005fc0        0x8 C:/ST/STM32CubeIDE_1.17.0/STM32CubeIDE/plugins/com.st.stm32cube.ide.mcu.externaltools.gnu-tools-for-stm32.12.3.rel1.win32_1.1.0.202410251130/tools/bin/../lib/gcc/arm-none-eabi/12.3.1/../../../../arm-none-eabi/lib/thumb/v7e-m+fp/hard\libc_nano.a(libc_a-memchr.o)
 .ARM.exidx     0x08005fc8        0x0 C:/ST/STM32CubeIDE_1.17.0/STM32CubeIDE/plugins/com.st.stm32cube.ide.mcu.externaltools.gnu-tools-for-stm32.12.3.rel1.win32_1.1.0.202410251130/tools/bin/../lib/gcc/arm-none-eabi/12.3.1/thumb/v7e-m+fp/hard\libgcc.a(_udivmoddi4.o)
                                  0x8 (size before relaxing)
                0x08005fc8                        __exidx_end = .
                0x08005fc8                        . = ALIGN (0x4)

.preinit_array  0x08005fc8        0x0
                0x08005fc8                        . = ALIGN (0x4)
                0x08005fc8                        PROVIDE (__preinit_array_start = .)
 *(.preinit_array*)
                0x08005fc8                        PROVIDE (__preinit_array_end = .)
                0x08005fc8                        . = ALIGN (0x4)

.init_array     0x08005fc8        0x4
                0x08005fc8                        . = ALIGN (0x4)
                0x08005fc8                        PROVIDE (__init_array_start = .)
 *(SORT_BY_NAME(.init_array.*))
 *(.init_array*)
 .init_array    0x08005fc8        0x4 C:/ST/STM32CubeIDE_1.17.0/STM32CubeIDE/plugins/com.st.stm32cube.ide.mcu.externaltools.gnu-tools-for-stm32.12.3.rel1.win32_1.1.0.202410251130/tools/bin/../lib/gcc/arm-none-eabi/12.3.1/thumb/v7e-m+fp/hard/crtbegin.o
                0x08005fcc                        PROVIDE (__init_array_end = .)
                0x08005fcc                        . = ALIGN (0x4)

.fini_array     0x08005fcc        0x4
                0x08005fcc                        . = ALIGN (0x4)
                [!provide]                        PROVIDE (__fini_array_start = .)
 *(SORT_BY_NAME(.fini_array.*))
 *(.fini_array*)
 .fini_array    0x08005fcc        0x4 C:/ST/STM32CubeIDE_1.17.0/STM32CubeIDE/plugins/com.st.stm32cube.ide.mcu.externaltools.gnu-tools-for-stm32.12.3.rel1.win32_1.1.0.202410251130/tools/bin/../lib/gcc/arm-none-eabi/12.3.1/thumb/v7e-m+fp/hard/crtbegin.o
                [!provide]                        PROVIDE (__fini_array_end = .)
                0x08005fd0                        . = ALIGN (0x4)
                0x08005fd0                        _sidata = LOADADDR (.data)

.rel.dyn        0x08005fd0        0x0
 .rel.iplt      0x08005fd0        0x0 C:/ST/STM32CubeIDE_1.17.0/STM32CubeIDE/plugins/com.st.stm32cube.ide.mcu.externaltools.gnu-tools-for-stm32.12.3.rel1.win32_1.1.0.202410251130/tools/bin/../lib/gcc/arm-none-eabi/12.3.1/thumb/v7e-m+fp/hard/crtbegin.o

.data           0x20000000       0x8c load address 0x08005fd0
                0x20000000                        . = ALIGN (0x4)
                0x20000000                        _sdata = .
 *(.data)
 *(.data*)
 .data.extBtn1  0x20000000        0x8 ./Core/Src/btn.o
                0x20000000                extBtn1
 .data.extBtn2  0x20000008        0x8 ./Core/Src/btn.o
                0x20000008                extBtn2
 .data.intBtn1  0x20000010        0x8 ./Core/Src/btn.o
                0x20000010                intBtn1
 .data.intBtn2  0x20000018        0x8 ./Core/Src/btn.o
                0x20000018                intBtn2
 .data.elevatorStatus
                0x20000020        0x2 ./Core/Src/main.o
                0x20000020                elevatorStatus
 *fill*         0x20000022        0x2 
 .data.SystemCoreClock
                0x20000024        0x4 ./Core/Src/system_stm32f4xx.o
                0x20000024                SystemCoreClock
 .data.uwTickPrio
                0x20000028        0x4 ./Drivers/STM32F4xx_HAL_Driver/Src/stm32f4xx_hal.o
                0x20000028                uwTickPrio
 .data.uwTickFreq
                0x2000002c        0x1 ./Drivers/STM32F4xx_HAL_Driver/Src/stm32f4xx_hal.o
                0x2000002c                uwTickFreq
 *fill*         0x2000002d        0x3 
 .data.__sglue  0x20000030        0xc C:/ST/STM32CubeIDE_1.17.0/STM32CubeIDE/plugins/com.st.stm32cube.ide.mcu.externaltools.gnu-tools-for-stm32.12.3.rel1.win32_1.1.0.202410251130/tools/bin/../lib/gcc/arm-none-eabi/12.3.1/../../../../arm-none-eabi/lib/thumb/v7e-m+fp/hard\libc_nano.a(libc_a-findfp.o)
                0x20000030                __sglue
 .data._impure_ptr
                0x2000003c        0x4 C:/ST/STM32CubeIDE_1.17.0/STM32CubeIDE/plugins/com.st.stm32cube.ide.mcu.externaltools.gnu-tools-for-stm32.12.3.rel1.win32_1.1.0.202410251130/tools/bin/../lib/gcc/arm-none-eabi/12.3.1/../../../../arm-none-eabi/lib/thumb/v7e-m+fp/hard\libc_nano.a(libc_a-impure.o)
                0x2000003c                _impure_ptr
 .data._impure_data
                0x20000040       0x4c C:/ST/STM32CubeIDE_1.17.0/STM32CubeIDE/plugins/com.st.stm32cube.ide.mcu.externaltools.gnu-tools-for-stm32.12.3.rel1.win32_1.1.0.202410251130/tools/bin/../lib/gcc/arm-none-eabi/12.3.1/../../../../arm-none-eabi/lib/thumb/v7e-m+fp/hard\libc_nano.a(libc_a-impure.o)
                0x20000040                _impure_data
 *(.RamFunc)
 *(.RamFunc*)
                0x2000008c                        . = ALIGN (0x4)
                0x2000008c                        _edata = .

.igot.plt       0x2000008c        0x0 load address 0x0800605c
 .igot.plt      0x2000008c        0x0 C:/ST/STM32CubeIDE_1.17.0/STM32CubeIDE/plugins/com.st.stm32cube.ide.mcu.externaltools.gnu-tools-for-stm32.12.3.rel1.win32_1.1.0.202410251130/tools/bin/../lib/gcc/arm-none-eabi/12.3.1/thumb/v7e-m+fp/hard/crtbegin.o
                0x2000008c                        . = ALIGN (0x4)

.bss            0x2000008c      0x310 load address 0x0800605c
                0x2000008c                        _sbss = .
                0x2000008c                        __bss_start__ = _sbss
 *(.bss)
 .bss           0x2000008c       0x1c C:/ST/STM32CubeIDE_1.17.0/STM32CubeIDE/plugins/com.st.stm32cube.ide.mcu.externaltools.gnu-tools-for-stm32.12.3.rel1.win32_1.1.0.202410251130/tools/bin/../lib/gcc/arm-none-eabi/12.3.1/thumb/v7e-m+fp/hard/crtbegin.o
 *(.bss*)
 .bss.hi2c2     0x200000a8       0x54 ./Core/Src/i2c.o
                0x200000a8                hi2c2
 .bss.sysStatus
                0x200000fc       0x10 ./Core/Src/main.o
                0x200000fc                sysStatus
 .bss.stepmotot1
                0x2000010c       0x20 ./Core/Src/motor.o
                0x2000010c                stepmotot1
 .bss.stepmotot2
                0x2000012c       0x20 ./Core/Src/motor.o
                0x2000012c                stepmotot2
 .bss.stepmotot3
                0x2000014c       0x20 ./Core/Src/motor.o
                0x2000014c                stepmotot3
 .bss.currentStep.0
                0x2000016c        0x1 ./Core/Src/motor.o
 *fill*         0x2000016d        0x3 
 .bss.__sbrk_heap_end
                0x20000170        0x4 ./Core/Src/sysmem.o
 .bss.htim3     0x20000174       0x48 ./Core/Src/tim.o
                0x20000174                htim3
 .bss.htim11    0x200001bc       0x48 ./Core/Src/tim.o
                0x200001bc                htim11
 .bss.huart2    0x20000204       0x48 ./Core/Src/usart.o
                0x20000204                huart2
 .bss.uwTick    0x2000024c        0x4 ./Drivers/STM32F4xx_HAL_Driver/Src/stm32f4xx_hal.o
                0x2000024c                uwTick
 .bss.__sf      0x20000250      0x138 C:/ST/STM32CubeIDE_1.17.0/STM32CubeIDE/plugins/com.st.stm32cube.ide.mcu.externaltools.gnu-tools-for-stm32.12.3.rel1.win32_1.1.0.202410251130/tools/bin/../lib/gcc/arm-none-eabi/12.3.1/../../../../arm-none-eabi/lib/thumb/v7e-m+fp/hard\libc_nano.a(libc_a-findfp.o)
                0x20000250                __sf
 .bss.__stdio_exit_handler
                0x20000388        0x4 C:/ST/STM32CubeIDE_1.17.0/STM32CubeIDE/plugins/com.st.stm32cube.ide.mcu.externaltools.gnu-tools-for-stm32.12.3.rel1.win32_1.1.0.202410251130/tools/bin/../lib/gcc/arm-none-eabi/12.3.1/../../../../arm-none-eabi/lib/thumb/v7e-m+fp/hard\libc_nano.a(libc_a-findfp.o)
                0x20000388                __stdio_exit_handler
 .bss.errno     0x2000038c        0x4 C:/ST/STM32CubeIDE_1.17.0/STM32CubeIDE/plugins/com.st.stm32cube.ide.mcu.externaltools.gnu-tools-for-stm32.12.3.rel1.win32_1.1.0.202410251130/tools/bin/../lib/gcc/arm-none-eabi/12.3.1/../../../../arm-none-eabi/lib/thumb/v7e-m+fp/hard\libc_nano.a(libc_a-reent.o)
                0x2000038c                errno
 .bss.__lock___malloc_recursive_mutex
                0x20000390        0x1 C:/ST/STM32CubeIDE_1.17.0/STM32CubeIDE/plugins/com.st.stm32cube.ide.mcu.externaltools.gnu-tools-for-stm32.12.3.rel1.win32_1.1.0.202410251130/tools/bin/../lib/gcc/arm-none-eabi/12.3.1/../../../../arm-none-eabi/lib/thumb/v7e-m+fp/hard\libc_nano.a(libc_a-lock.o)
                0x20000390                __lock___malloc_recursive_mutex
 .bss.__lock___sfp_recursive_mutex
                0x20000391        0x1 C:/ST/STM32CubeIDE_1.17.0/STM32CubeIDE/plugins/com.st.stm32cube.ide.mcu.externaltools.gnu-tools-for-stm32.12.3.rel1.win32_1.1.0.202410251130/tools/bin/../lib/gcc/arm-none-eabi/12.3.1/../../../../arm-none-eabi/lib/thumb/v7e-m+fp/hard\libc_nano.a(libc_a-lock.o)
                0x20000391                __lock___sfp_recursive_mutex
 *fill*         0x20000392        0x2 
 .bss.__malloc_sbrk_start
                0x20000394        0x4 C:/ST/STM32CubeIDE_1.17.0/STM32CubeIDE/plugins/com.st.stm32cube.ide.mcu.externaltools.gnu-tools-for-stm32.12.3.rel1.win32_1.1.0.202410251130/tools/bin/../lib/gcc/arm-none-eabi/12.3.1/../../../../arm-none-eabi/lib/thumb/v7e-m+fp/hard\libc_nano.a(libc_a-mallocr.o)
                0x20000394                __malloc_sbrk_start
 .bss.__malloc_free_list
                0x20000398        0x4 C:/ST/STM32CubeIDE_1.17.0/STM32CubeIDE/plugins/com.st.stm32cube.ide.mcu.externaltools.gnu-tools-for-stm32.12.3.rel1.win32_1.1.0.202410251130/tools/bin/../lib/gcc/arm-none-eabi/12.3.1/../../../../arm-none-eabi/lib/thumb/v7e-m+fp/hard\libc_nano.a(libc_a-mallocr.o)
                0x20000398                __malloc_free_list
 *(COMMON)
                0x2000039c                        . = ALIGN (0x4)
                0x2000039c                        _ebss = .
                0x2000039c                        __bss_end__ = _ebss

._user_heap_stack
                0x2000039c      0x604 load address 0x0800605c
                0x200003a0                        . = ALIGN (0x8)
 *fill*         0x2000039c        0x4 
                [!provide]                        PROVIDE (end = .)
                0x200003a0                        PROVIDE (_end = .)
                0x200005a0                        . = (. + _Min_Heap_Size)
 *fill*         0x200003a0      0x200 
                0x200009a0                        . = (. + _Min_Stack_Size)
 *fill*         0x200005a0      0x400 
                0x200009a0                        . = ALIGN (0x8)

/DISCARD/
 libc.a(*)
 libm.a(*)
 libgcc.a(*)

.ARM.attributes
                0x00000000       0x30
 *(.ARM.attributes)
 .ARM.attributes
                0x00000000       0x22 C:/ST/STM32CubeIDE_1.17.0/STM32CubeIDE/plugins/com.st.stm32cube.ide.mcu.externaltools.gnu-tools-for-stm32.12.3.rel1.win32_1.1.0.202410251130/tools/bin/../lib/gcc/arm-none-eabi/12.3.1/thumb/v7e-m+fp/hard/crti.o
 .ARM.attributes
                0x00000022       0x34 C:/ST/STM32CubeIDE_1.17.0/STM32CubeIDE/plugins/com.st.stm32cube.ide.mcu.externaltools.gnu-tools-for-stm32.12.3.rel1.win32_1.1.0.202410251130/tools/bin/../lib/gcc/arm-none-eabi/12.3.1/thumb/v7e-m+fp/hard/crtbegin.o
 .ARM.attributes
                0x00000056       0x34 ./Core/Src/7SEG.o
 .ARM.attributes
                0x0000008a       0x34 ./Core/Src/Ele_And_Door.o
 .ARM.attributes
                0x000000be       0x34 ./Core/Src/btn.o
 .ARM.attributes
                0x000000f2       0x34 ./Core/Src/delayus.o
 .ARM.attributes
                0x00000126       0x34 ./Core/Src/gpio.o
 .ARM.attributes
                0x0000015a       0x34 ./Core/Src/i2c.o
 .ARM.attributes
                0x0000018e       0x34 ./Core/Src/i2c_lcd.o
 .ARM.attributes
                0x000001c2       0x34 ./Core/Src/main.o
 .ARM.attributes
                0x000001f6       0x34 ./Core/Src/motor.o
 .ARM.attributes
                0x0000022a       0x34 ./Core/Src/stm32f4xx_hal_msp.o
 .ARM.attributes
                0x0000025e       0x34 ./Core/Src/stm32f4xx_it.o
 .ARM.attributes
                0x00000292       0x34 ./Core/Src/syscalls.o
 .ARM.attributes
                0x000002c6       0x34 ./Core/Src/sysmem.o
 .ARM.attributes
                0x000002fa       0x34 ./Core/Src/system_stm32f4xx.o
 .ARM.attributes
                0x0000032e       0x34 ./Core/Src/tim.o
 .ARM.attributes
                0x00000362       0x34 ./Core/Src/usart.o
 .ARM.attributes
                0x00000396       0x21 ./Core/Startup/startup_stm32f411retx.o
 .ARM.attributes
                0x000003b7       0x34 ./Drivers/STM32F4xx_HAL_Driver/Src/stm32f4xx_hal.o
 .ARM.attributes
                0x000003eb       0x34 ./Drivers/STM32F4xx_HAL_Driver/Src/stm32f4xx_hal_cortex.o
 .ARM.attributes
                0x0000041f       0x34 ./Drivers/STM32F4xx_HAL_Driver/Src/stm32f4xx_hal_dma.o
 .ARM.attributes
                0x00000453       0x34 ./Drivers/STM32F4xx_HAL_Driver/Src/stm32f4xx_hal_gpio.o
 .ARM.attributes
                0x00000487       0x34 ./Drivers/STM32F4xx_HAL_Driver/Src/stm32f4xx_hal_i2c.o
 .ARM.attributes
                0x000004bb       0x34 ./Drivers/STM32F4xx_HAL_Driver/Src/stm32f4xx_hal_rcc.o
 .ARM.attributes
                0x000004ef       0x34 ./Drivers/STM32F4xx_HAL_Driver/Src/stm32f4xx_hal_tim.o
 .ARM.attributes
                0x00000523       0x34 ./Drivers/STM32F4xx_HAL_Driver/Src/stm32f4xx_hal_tim_ex.o
 .ARM.attributes
                0x00000557       0x34 ./Drivers/STM32F4xx_HAL_Driver/Src/stm32f4xx_hal_uart.o
 .ARM.attributes
                0x0000058b       0x34 C:/ST/STM32CubeIDE_1.17.0/STM32CubeIDE/plugins/com.st.stm32cube.ide.mcu.externaltools.gnu-tools-for-stm32.12.3.rel1.win32_1.1.0.202410251130/tools/bin/../lib/gcc/arm-none-eabi/12.3.1/../../../../arm-none-eabi/lib/thumb/v7e-m+fp/hard\libc_nano.a(libc_a-findfp.o)
 .ARM.attributes
                0x000005bf       0x34 C:/ST/STM32CubeIDE_1.17.0/STM32CubeIDE/plugins/com.st.stm32cube.ide.mcu.externaltools.gnu-tools-for-stm32.12.3.rel1.win32_1.1.0.202410251130/tools/bin/../lib/gcc/arm-none-eabi/12.3.1/../../../../arm-none-eabi/lib/thumb/v7e-m+fp/hard\libc_nano.a(libc_a-fwalk.o)
 .ARM.attributes
                0x000005f3       0x34 C:/ST/STM32CubeIDE_1.17.0/STM32CubeIDE/plugins/com.st.stm32cube.ide.mcu.externaltools.gnu-tools-for-stm32.12.3.rel1.win32_1.1.0.202410251130/tools/bin/../lib/gcc/arm-none-eabi/12.3.1/../../../../arm-none-eabi/lib/thumb/v7e-m+fp/hard\libc_nano.a(libc_a-printf.o)
 .ARM.attributes
                0x00000627       0x34 C:/ST/STM32CubeIDE_1.17.0/STM32CubeIDE/plugins/com.st.stm32cube.ide.mcu.externaltools.gnu-tools-for-stm32.12.3.rel1.win32_1.1.0.202410251130/tools/bin/../lib/gcc/arm-none-eabi/12.3.1/../../../../arm-none-eabi/lib/thumb/v7e-m+fp/hard\libc_nano.a(libc_a-puts.o)
 .ARM.attributes
                0x0000065b       0x34 C:/ST/STM32CubeIDE_1.17.0/STM32CubeIDE/plugins/com.st.stm32cube.ide.mcu.externaltools.gnu-tools-for-stm32.12.3.rel1.win32_1.1.0.202410251130/tools/bin/../lib/gcc/arm-none-eabi/12.3.1/../../../../arm-none-eabi/lib/thumb/v7e-m+fp/hard\libc_nano.a(libc_a-stdio.o)
 .ARM.attributes
                0x0000068f       0x34 C:/ST/STM32CubeIDE_1.17.0/STM32CubeIDE/plugins/com.st.stm32cube.ide.mcu.externaltools.gnu-tools-for-stm32.12.3.rel1.win32_1.1.0.202410251130/tools/bin/../lib/gcc/arm-none-eabi/12.3.1/../../../../arm-none-eabi/lib/thumb/v7e-m+fp/hard\libc_nano.a(libc_a-wbuf.o)
 .ARM.attributes
                0x000006c3       0x34 C:/ST/STM32CubeIDE_1.17.0/STM32CubeIDE/plugins/com.st.stm32cube.ide.mcu.externaltools.gnu-tools-for-stm32.12.3.rel1.win32_1.1.0.202410251130/tools/bin/../lib/gcc/arm-none-eabi/12.3.1/../../../../arm-none-eabi/lib/thumb/v7e-m+fp/hard\libc_nano.a(libc_a-wsetup.o)
 .ARM.attributes
                0x000006f7       0x34 C:/ST/STM32CubeIDE_1.17.0/STM32CubeIDE/plugins/com.st.stm32cube.ide.mcu.externaltools.gnu-tools-for-stm32.12.3.rel1.win32_1.1.0.202410251130/tools/bin/../lib/gcc/arm-none-eabi/12.3.1/../../../../arm-none-eabi/lib/thumb/v7e-m+fp/hard\libc_nano.a(libc_a-memset.o)
 .ARM.attributes
                0x0000072b       0x34 C:/ST/STM32CubeIDE_1.17.0/STM32CubeIDE/plugins/com.st.stm32cube.ide.mcu.externaltools.gnu-tools-for-stm32.12.3.rel1.win32_1.1.0.202410251130/tools/bin/../lib/gcc/arm-none-eabi/12.3.1/../../../../arm-none-eabi/lib/thumb/v7e-m+fp/hard\libc_nano.a(libc_a-closer.o)
 .ARM.attributes
                0x0000075f       0x34 C:/ST/STM32CubeIDE_1.17.0/STM32CubeIDE/plugins/com.st.stm32cube.ide.mcu.externaltools.gnu-tools-for-stm32.12.3.rel1.win32_1.1.0.202410251130/tools/bin/../lib/gcc/arm-none-eabi/12.3.1/../../../../arm-none-eabi/lib/thumb/v7e-m+fp/hard\libc_nano.a(libc_a-reent.o)
 .ARM.attributes
                0x00000793       0x34 C:/ST/STM32CubeIDE_1.17.0/STM32CubeIDE/plugins/com.st.stm32cube.ide.mcu.externaltools.gnu-tools-for-stm32.12.3.rel1.win32_1.1.0.202410251130/tools/bin/../lib/gcc/arm-none-eabi/12.3.1/../../../../arm-none-eabi/lib/thumb/v7e-m+fp/hard\libc_nano.a(libc_a-impure.o)
 .ARM.attributes
                0x000007c7       0x34 C:/ST/STM32CubeIDE_1.17.0/STM32CubeIDE/plugins/com.st.stm32cube.ide.mcu.externaltools.gnu-tools-for-stm32.12.3.rel1.win32_1.1.0.202410251130/tools/bin/../lib/gcc/arm-none-eabi/12.3.1/../../../../arm-none-eabi/lib/thumb/v7e-m+fp/hard\libc_nano.a(libc_a-lseekr.o)
 .ARM.attributes
                0x000007fb       0x34 C:/ST/STM32CubeIDE_1.17.0/STM32CubeIDE/plugins/com.st.stm32cube.ide.mcu.externaltools.gnu-tools-for-stm32.12.3.rel1.win32_1.1.0.202410251130/tools/bin/../lib/gcc/arm-none-eabi/12.3.1/../../../../arm-none-eabi/lib/thumb/v7e-m+fp/hard\libc_nano.a(libc_a-readr.o)
 .ARM.attributes
                0x0000082f       0x34 C:/ST/STM32CubeIDE_1.17.0/STM32CubeIDE/plugins/com.st.stm32cube.ide.mcu.externaltools.gnu-tools-for-stm32.12.3.rel1.win32_1.1.0.202410251130/tools/bin/../lib/gcc/arm-none-eabi/12.3.1/../../../../arm-none-eabi/lib/thumb/v7e-m+fp/hard\libc_nano.a(libc_a-writer.o)
 .ARM.attributes
                0x00000863       0x34 C:/ST/STM32CubeIDE_1.17.0/STM32CubeIDE/plugins/com.st.stm32cube.ide.mcu.externaltools.gnu-tools-for-stm32.12.3.rel1.win32_1.1.0.202410251130/tools/bin/../lib/gcc/arm-none-eabi/12.3.1/../../../../arm-none-eabi/lib/thumb/v7e-m+fp/hard\libc_nano.a(libc_a-errno.o)
 .ARM.attributes
                0x00000897       0x34 C:/ST/STM32CubeIDE_1.17.0/STM32CubeIDE/plugins/com.st.stm32cube.ide.mcu.externaltools.gnu-tools-for-stm32.12.3.rel1.win32_1.1.0.202410251130/tools/bin/../lib/gcc/arm-none-eabi/12.3.1/../../../../arm-none-eabi/lib/thumb/v7e-m+fp/hard\libc_nano.a(libc_a-init.o)
 .ARM.attributes
                0x000008cb       0x34 C:/ST/STM32CubeIDE_1.17.0/STM32CubeIDE/plugins/com.st.stm32cube.ide.mcu.externaltools.gnu-tools-for-stm32.12.3.rel1.win32_1.1.0.202410251130/tools/bin/../lib/gcc/arm-none-eabi/12.3.1/../../../../arm-none-eabi/lib/thumb/v7e-m+fp/hard\libc_nano.a(libc_a-lock.o)
 .ARM.attributes
                0x000008ff       0x34 C:/ST/STM32CubeIDE_1.17.0/STM32CubeIDE/plugins/com.st.stm32cube.ide.mcu.externaltools.gnu-tools-for-stm32.12.3.rel1.win32_1.1.0.202410251130/tools/bin/../lib/gcc/arm-none-eabi/12.3.1/../../../../arm-none-eabi/lib/thumb/v7e-m+fp/hard\libc_nano.a(libc_a-freer.o)
 .ARM.attributes
                0x00000933       0x34 C:/ST/STM32CubeIDE_1.17.0/STM32CubeIDE/plugins/com.st.stm32cube.ide.mcu.externaltools.gnu-tools-for-stm32.12.3.rel1.win32_1.1.0.202410251130/tools/bin/../lib/gcc/arm-none-eabi/12.3.1/../../../../arm-none-eabi/lib/thumb/v7e-m+fp/hard\libc_nano.a(libc_a-mallocr.o)
 .ARM.attributes
                0x00000967       0x34 C:/ST/STM32CubeIDE_1.17.0/STM32CubeIDE/plugins/com.st.stm32cube.ide.mcu.externaltools.gnu-tools-for-stm32.12.3.rel1.win32_1.1.0.202410251130/tools/bin/../lib/gcc/arm-none-eabi/12.3.1/../../../../arm-none-eabi/lib/thumb/v7e-m+fp/hard\libc_nano.a(libc_a-mlock.o)
 .ARM.attributes
                0x0000099b       0x34 C:/ST/STM32CubeIDE_1.17.0/STM32CubeIDE/plugins/com.st.stm32cube.ide.mcu.externaltools.gnu-tools-for-stm32.12.3.rel1.win32_1.1.0.202410251130/tools/bin/../lib/gcc/arm-none-eabi/12.3.1/../../../../arm-none-eabi/lib/thumb/v7e-m+fp/hard\libc_nano.a(libc_a-nano-vfprintf.o)
 .ARM.attributes
                0x000009cf       0x34 C:/ST/STM32CubeIDE_1.17.0/STM32CubeIDE/plugins/com.st.stm32cube.ide.mcu.externaltools.gnu-tools-for-stm32.12.3.rel1.win32_1.1.0.202410251130/tools/bin/../lib/gcc/arm-none-eabi/12.3.1/../../../../arm-none-eabi/lib/thumb/v7e-m+fp/hard\libc_nano.a(libc_a-nano-vfprintf_i.o)
 .ARM.attributes
                0x00000a03       0x34 C:/ST/STM32CubeIDE_1.17.0/STM32CubeIDE/plugins/com.st.stm32cube.ide.mcu.externaltools.gnu-tools-for-stm32.12.3.rel1.win32_1.1.0.202410251130/tools/bin/../lib/gcc/arm-none-eabi/12.3.1/../../../../arm-none-eabi/lib/thumb/v7e-m+fp/hard\libc_nano.a(libc_a-fflush.o)
 .ARM.attributes
                0x00000a37       0x34 C:/ST/STM32CubeIDE_1.17.0/STM32CubeIDE/plugins/com.st.stm32cube.ide.mcu.externaltools.gnu-tools-for-stm32.12.3.rel1.win32_1.1.0.202410251130/tools/bin/../lib/gcc/arm-none-eabi/12.3.1/../../../../arm-none-eabi/lib/thumb/v7e-m+fp/hard\libc_nano.a(libc_a-makebuf.o)
 .ARM.attributes
                0x00000a6b       0x34 C:/ST/STM32CubeIDE_1.17.0/STM32CubeIDE/plugins/com.st.stm32cube.ide.mcu.externaltools.gnu-tools-for-stm32.12.3.rel1.win32_1.1.0.202410251130/tools/bin/../lib/gcc/arm-none-eabi/12.3.1/../../../../arm-none-eabi/lib/thumb/v7e-m+fp/hard\libc_nano.a(libc_a-fstatr.o)
 .ARM.attributes
                0x00000a9f       0x34 C:/ST/STM32CubeIDE_1.17.0/STM32CubeIDE/plugins/com.st.stm32cube.ide.mcu.externaltools.gnu-tools-for-stm32.12.3.rel1.win32_1.1.0.202410251130/tools/bin/../lib/gcc/arm-none-eabi/12.3.1/../../../../arm-none-eabi/lib/thumb/v7e-m+fp/hard\libc_nano.a(libc_a-isattyr.o)
 .ARM.attributes
                0x00000ad3       0x34 C:/ST/STM32CubeIDE_1.17.0/STM32CubeIDE/plugins/com.st.stm32cube.ide.mcu.externaltools.gnu-tools-for-stm32.12.3.rel1.win32_1.1.0.202410251130/tools/bin/../lib/gcc/arm-none-eabi/12.3.1/../../../../arm-none-eabi/lib/thumb/v7e-m+fp/hard\libc_nano.a(libc_a-sbrkr.o)
 .ARM.attributes
                0x00000b07       0x1c C:/ST/STM32CubeIDE_1.17.0/STM32CubeIDE/plugins/com.st.stm32cube.ide.mcu.externaltools.gnu-tools-for-stm32.12.3.rel1.win32_1.1.0.202410251130/tools/bin/../lib/gcc/arm-none-eabi/12.3.1/../../../../arm-none-eabi/lib/thumb/v7e-m+fp/hard\libc_nano.a(libc_a-memchr.o)
 .ARM.attributes
                0x00000b23       0x22 C:/ST/STM32CubeIDE_1.17.0/STM32CubeIDE/plugins/com.st.stm32cube.ide.mcu.externaltools.gnu-tools-for-stm32.12.3.rel1.win32_1.1.0.202410251130/tools/bin/../lib/gcc/arm-none-eabi/12.3.1/thumb/v7e-m+fp/hard\libgcc.a(_aeabi_uldivmod.o)
 .ARM.attributes
                0x00000b45       0x34 C:/ST/STM32CubeIDE_1.17.0/STM32CubeIDE/plugins/com.st.stm32cube.ide.mcu.externaltools.gnu-tools-for-stm32.12.3.rel1.win32_1.1.0.202410251130/tools/bin/../lib/gcc/arm-none-eabi/12.3.1/thumb/v7e-m+fp/hard\libgcc.a(_udivmoddi4.o)
 .ARM.attributes
                0x00000b79       0x22 C:/ST/STM32CubeIDE_1.17.0/STM32CubeIDE/plugins/com.st.stm32cube.ide.mcu.externaltools.gnu-tools-for-stm32.12.3.rel1.win32_1.1.0.202410251130/tools/bin/../lib/gcc/arm-none-eabi/12.3.1/thumb/v7e-m+fp/hard\libgcc.a(_dvmd_tls.o)
 .ARM.attributes
                0x00000b9b       0x22 C:/ST/STM32CubeIDE_1.17.0/STM32CubeIDE/plugins/com.st.stm32cube.ide.mcu.externaltools.gnu-tools-for-stm32.12.3.rel1.win32_1.1.0.202410251130/tools/bin/../lib/gcc/arm-none-eabi/12.3.1/thumb/v7e-m+fp/hard/crtn.o
OUTPUT(lift.elf elf32-littlearm)
LOAD linker stubs
LOAD C:/ST/STM32CubeIDE_1.17.0/STM32CubeIDE/plugins/com.st.stm32cube.ide.mcu.externaltools.gnu-tools-for-stm32.12.3.rel1.win32_1.1.0.202410251130/tools/bin/../lib/gcc/arm-none-eabi/12.3.1/../../../../arm-none-eabi/lib/thumb/v7e-m+fp/hard\libc.a
LOAD C:/ST/STM32CubeIDE_1.17.0/STM32CubeIDE/plugins/com.st.stm32cube.ide.mcu.externaltools.gnu-tools-for-stm32.12.3.rel1.win32_1.1.0.202410251130/tools/bin/../lib/gcc/arm-none-eabi/12.3.1/../../../../arm-none-eabi/lib/thumb/v7e-m+fp/hard\libm.a
LOAD C:/ST/STM32CubeIDE_1.17.0/STM32CubeIDE/plugins/com.st.stm32cube.ide.mcu.externaltools.gnu-tools-for-stm32.12.3.rel1.win32_1.1.0.202410251130/tools/bin/../lib/gcc/arm-none-eabi/12.3.1/thumb/v7e-m+fp/hard\libgcc.a

.debug_info     0x00000000    0x130f7
 .debug_info    0x00000000      0x260 ./Core/Src/7SEG.o
 .debug_info    0x00000260      0x491 ./Core/Src/Ele_And_Door.o
 .debug_info    0x000006f1      0x428 ./Core/Src/btn.o
 .debug_info    0x00000b19      0x69a ./Core/Src/delayus.o
 .debug_info    0x000011b3      0x618 ./Core/Src/gpio.o
 .debug_info    0x000017cb      0x9a5 ./Core/Src/i2c.o
 .debug_info    0x00002170      0x761 ./Core/Src/i2c_lcd.o
 .debug_info    0x000028d1     0x1211 ./Core/Src/main.o
 .debug_info    0x00003ae2      0x4a7 ./Core/Src/motor.o
 .debug_info    0x00003f89      0x291 ./Core/Src/stm32f4xx_hal_msp.o
 .debug_info    0x0000421a      0x9e9 ./Core/Src/stm32f4xx_it.o
 .debug_info    0x00004c03      0x6a3 ./Core/Src/syscalls.o
 .debug_info    0x000052a6      0x168 ./Core/Src/sysmem.o
 .debug_info    0x0000540e      0x53e ./Core/Src/system_stm32f4xx.o
 .debug_info    0x0000594c      0xbd8 ./Core/Src/tim.o
 .debug_info    0x00006524      0xb2e ./Core/Src/usart.o
 .debug_info    0x00007052       0x30 ./Core/Startup/startup_stm32f411retx.o
 .debug_info    0x00007082      0x8c4 ./Drivers/STM32F4xx_HAL_Driver/Src/stm32f4xx_hal.o
 .debug_info    0x00007946      0xcfc ./Drivers/STM32F4xx_HAL_Driver/Src/stm32f4xx_hal_cortex.o
 .debug_info    0x00008642      0x8e6 ./Drivers/STM32F4xx_HAL_Driver/Src/stm32f4xx_hal_dma.o
 .debug_info    0x00008f28      0x6f9 ./Drivers/STM32F4xx_HAL_Driver/Src/stm32f4xx_hal_gpio.o
 .debug_info    0x00009621     0x2426 ./Drivers/STM32F4xx_HAL_Driver/Src/stm32f4xx_hal_i2c.o
 .debug_info    0x0000ba47      0x8f0 ./Drivers/STM32F4xx_HAL_Driver/Src/stm32f4xx_hal_rcc.o
 .debug_info    0x0000c337     0x2996 ./Drivers/STM32F4xx_HAL_Driver/Src/stm32f4xx_hal_tim.o
 .debug_info    0x0000eccd     0x14d4 ./Drivers/STM32F4xx_HAL_Driver/Src/stm32f4xx_hal_tim_ex.o
 .debug_info    0x000101a1     0x2f56 ./Drivers/STM32F4xx_HAL_Driver/Src/stm32f4xx_hal_uart.o

.debug_abbrev   0x00000000     0x316e
 .debug_abbrev  0x00000000      0x15d ./Core/Src/7SEG.o
 .debug_abbrev  0x0000015d      0x1ab ./Core/Src/Ele_And_Door.o
 .debug_abbrev  0x00000308      0x17d ./Core/Src/btn.o
 .debug_abbrev  0x00000485      0x18a ./Core/Src/delayus.o
 .debug_abbrev  0x0000060f      0x173 ./Core/Src/gpio.o
 .debug_abbrev  0x00000782      0x1f0 ./Core/Src/i2c.o
 .debug_abbrev  0x00000972      0x1e1 ./Core/Src/i2c_lcd.o
 .debug_abbrev  0x00000b53      0x2d4 ./Core/Src/main.o
 .debug_abbrev  0x00000e27      0x18d ./Core/Src/motor.o
 .debug_abbrev  0x00000fb4       0xd8 ./Core/Src/stm32f4xx_hal_msp.o
 .debug_abbrev  0x0000108c      0x1df ./Core/Src/stm32f4xx_it.o
 .debug_abbrev  0x0000126b      0x1b6 ./Core/Src/syscalls.o
 .debug_abbrev  0x00001421       0xbc ./Core/Src/sysmem.o
 .debug_abbrev  0x000014dd      0x11a ./Core/Src/system_stm32f4xx.o
 .debug_abbrev  0x000015f7      0x232 ./Core/Src/tim.o
 .debug_abbrev  0x00001829      0x217 ./Core/Src/usart.o
 .debug_abbrev  0x00001a40       0x24 ./Core/Startup/startup_stm32f411retx.o
 .debug_abbrev  0x00001a64      0x24b ./Drivers/STM32F4xx_HAL_Driver/Src/stm32f4xx_hal.o
 .debug_abbrev  0x00001caf      0x31d ./Drivers/STM32F4xx_HAL_Driver/Src/stm32f4xx_hal_cortex.o
 .debug_abbrev  0x00001fcc      0x221 ./Drivers/STM32F4xx_HAL_Driver/Src/stm32f4xx_hal_dma.o
 .debug_abbrev  0x000021ed      0x1d3 ./Drivers/STM32F4xx_HAL_Driver/Src/stm32f4xx_hal_gpio.o
 .debug_abbrev  0x000023c0      0x2bc ./Drivers/STM32F4xx_HAL_Driver/Src/stm32f4xx_hal_i2c.o
 .debug_abbrev  0x0000267c      0x2b6 ./Drivers/STM32F4xx_HAL_Driver/Src/stm32f4xx_hal_rcc.o
 .debug_abbrev  0x00002932      0x28b ./Drivers/STM32F4xx_HAL_Driver/Src/stm32f4xx_hal_tim.o
 .debug_abbrev  0x00002bbd      0x296 ./Drivers/STM32F4xx_HAL_Driver/Src/stm32f4xx_hal_tim_ex.o
 .debug_abbrev  0x00002e53      0x31b ./Drivers/STM32F4xx_HAL_Driver/Src/stm32f4xx_hal_uart.o

.debug_aranges  0x00000000     0x1180
 .debug_aranges
                0x00000000       0x40 ./Core/Src/7SEG.o
 .debug_aranges
                0x00000040       0x30 ./Core/Src/Ele_And_Door.o
 .debug_aranges
                0x00000070       0x20 ./Core/Src/btn.o
 .debug_aranges
                0x00000090       0x20 ./Core/Src/delayus.o
 .debug_aranges
                0x000000b0       0x20 ./Core/Src/gpio.o
 .debug_aranges
                0x000000d0       0x30 ./Core/Src/i2c.o
 .debug_aranges
                0x00000100       0x40 ./Core/Src/i2c_lcd.o
 .debug_aranges
                0x00000140       0x48 ./Core/Src/main.o
 .debug_aranges
                0x00000188       0x48 ./Core/Src/motor.o
 .debug_aranges
                0x000001d0       0x20 ./Core/Src/stm32f4xx_hal_msp.o
 .debug_aranges
                0x000001f0       0x98 ./Core/Src/stm32f4xx_it.o
 .debug_aranges
                0x00000288       0xa8 ./Core/Src/syscalls.o
 .debug_aranges
                0x00000330       0x20 ./Core/Src/sysmem.o
 .debug_aranges
                0x00000350       0x28 ./Core/Src/system_stm32f4xx.o
 .debug_aranges
                0x00000378       0x38 ./Core/Src/tim.o
 .debug_aranges
                0x000003b0       0x30 ./Core/Src/usart.o
 .debug_aranges
                0x000003e0       0x28 ./Core/Startup/startup_stm32f411retx.o
 .debug_aranges
                0x00000408       0xf0 ./Drivers/STM32F4xx_HAL_Driver/Src/stm32f4xx_hal.o
 .debug_aranges
                0x000004f8      0x130 ./Drivers/STM32F4xx_HAL_Driver/Src/stm32f4xx_hal_cortex.o
 .debug_aranges
                0x00000628       0x90 ./Drivers/STM32F4xx_HAL_Driver/Src/stm32f4xx_hal_dma.o
 .debug_aranges
                0x000006b8       0x58 ./Drivers/STM32F4xx_HAL_Driver/Src/stm32f4xx_hal_gpio.o
 .debug_aranges
                0x00000710      0x2a8 ./Drivers/STM32F4xx_HAL_Driver/Src/stm32f4xx_hal_i2c.o
 .debug_aranges
                0x000009b8       0x88 ./Drivers/STM32F4xx_HAL_Driver/Src/stm32f4xx_hal_rcc.o
 .debug_aranges
                0x00000a40      0x3d0 ./Drivers/STM32F4xx_HAL_Driver/Src/stm32f4xx_hal_tim.o
 .debug_aranges
                0x00000e10      0x168 ./Drivers/STM32F4xx_HAL_Driver/Src/stm32f4xx_hal_tim_ex.o
 .debug_aranges
                0x00000f78      0x208 ./Drivers/STM32F4xx_HAL_Driver/Src/stm32f4xx_hal_uart.o

.debug_rnglists
                0x00000000      0xd99
 .debug_rnglists
                0x00000000       0x2c ./Core/Src/7SEG.o
 .debug_rnglists
                0x0000002c       0x22 ./Core/Src/Ele_And_Door.o
 .debug_rnglists
                0x0000004e       0x14 ./Core/Src/btn.o
 .debug_rnglists
                0x00000062       0x13 ./Core/Src/delayus.o
 .debug_rnglists
                0x00000075       0x14 ./Core/Src/gpio.o
 .debug_rnglists
                0x00000089       0x20 ./Core/Src/i2c.o
 .debug_rnglists
                0x000000a9       0x2b ./Core/Src/i2c_lcd.o
 .debug_rnglists
                0x000000d4       0x34 ./Core/Src/main.o
 .debug_rnglists
                0x00000108       0x31 ./Core/Src/motor.o
 .debug_rnglists
                0x00000139       0x13 ./Core/Src/stm32f4xx_hal_msp.o
 .debug_rnglists
                0x0000014c       0x6d ./Core/Src/stm32f4xx_it.o
 .debug_rnglists
                0x000001b9       0x79 ./Core/Src/syscalls.o
 .debug_rnglists
                0x00000232       0x13 ./Core/Src/sysmem.o
 .debug_rnglists
                0x00000245       0x1a ./Core/Src/system_stm32f4xx.o
 .debug_rnglists
                0x0000025f       0x26 ./Core/Src/tim.o
 .debug_rnglists
                0x00000285       0x20 ./Core/Src/usart.o
 .debug_rnglists
                0x000002a5       0x19 ./Core/Startup/startup_stm32f411retx.o
 .debug_rnglists
                0x000002be       0xaf ./Drivers/STM32F4xx_HAL_Driver/Src/stm32f4xx_hal.o
 .debug_rnglists
                0x0000036d       0xe0 ./Drivers/STM32F4xx_HAL_Driver/Src/stm32f4xx_hal_cortex.o
 .debug_rnglists
                0x0000044d       0x70 ./Drivers/STM32F4xx_HAL_Driver/Src/stm32f4xx_hal_dma.o
 .debug_rnglists
                0x000004bd       0x3f ./Drivers/STM32F4xx_HAL_Driver/Src/stm32f4xx_hal_gpio.o
 .debug_rnglists
                0x000004fc      0x23c ./Drivers/STM32F4xx_HAL_Driver/Src/stm32f4xx_hal_i2c.o
 .debug_rnglists
                0x00000738       0x66 ./Drivers/STM32F4xx_HAL_Driver/Src/stm32f4xx_hal_rcc.o
 .debug_rnglists
                0x0000079e      0x31a ./Drivers/STM32F4xx_HAL_Driver/Src/stm32f4xx_hal_tim.o
 .debug_rnglists
                0x00000ab8      0x125 ./Drivers/STM32F4xx_HAL_Driver/Src/stm32f4xx_hal_tim_ex.o
 .debug_rnglists
                0x00000bdd      0x1bc ./Drivers/STM32F4xx_HAL_Driver/Src/stm32f4xx_hal_uart.o

.debug_macro    0x00000000    0x18fc8
 .debug_macro   0x00000000      0x214 ./Core/Src/7SEG.o
 .debug_macro   0x00000214      0xab4 ./Core/Src/7SEG.o
 .debug_macro   0x00000cc8      0x2a1 ./Core/Src/7SEG.o
 .debug_macro   0x00000f69       0x2e ./Core/Src/7SEG.o
 .debug_macro   0x00000f97       0x28 ./Core/Src/7SEG.o
 .debug_macro   0x00000fbf       0x22 ./Core/Src/7SEG.o
 .debug_macro   0x00000fe1       0x8e ./Core/Src/7SEG.o
 .debug_macro   0x0000106f       0x51 ./Core/Src/7SEG.o
 .debug_macro   0x000010c0      0x103 ./Core/Src/7SEG.o
 .debug_macro   0x000011c3       0x6a ./Core/Src/7SEG.o
 .debug_macro   0x0000122d      0x1df ./Core/Src/7SEG.o
 .debug_macro   0x0000140c       0x1c ./Core/Src/7SEG.o
 .debug_macro   0x00001428       0x22 ./Core/Src/7SEG.o
 .debug_macro   0x0000144a       0xfb ./Core/Src/7SEG.o
 .debug_macro   0x00001545     0x1011 ./Core/Src/7SEG.o
 .debug_macro   0x00002556      0x11f ./Core/Src/7SEG.o
 .debug_macro   0x00002675     0xb953 ./Core/Src/7SEG.o
 .debug_macro   0x0000dfc8       0x6d ./Core/Src/7SEG.o
 .debug_macro   0x0000e035     0x369a ./Core/Src/7SEG.o
 .debug_macro   0x000116cf      0x189 ./Core/Src/7SEG.o
 .debug_macro   0x00011858       0x5c ./Core/Src/7SEG.o
 .debug_macro   0x000118b4      0x45c ./Core/Src/7SEG.o
 .debug_macro   0x00011d10      0x9e9 ./Core/Src/7SEG.o
 .debug_macro   0x000126f9      0x115 ./Core/Src/7SEG.o
 .debug_macro   0x0001280e      0x11b ./Core/Src/7SEG.o
 .debug_macro   0x00012929       0xa5 ./Core/Src/7SEG.o
 .debug_macro   0x000129ce      0x15f ./Core/Src/7SEG.o
 .debug_macro   0x00012b2d      0x287 ./Core/Src/7SEG.o
 .debug_macro   0x00012db4       0x5f ./Core/Src/7SEG.o
 .debug_macro   0x00012e13      0x236 ./Core/Src/7SEG.o
 .debug_macro   0x00013049      0x132 ./Core/Src/7SEG.o
 .debug_macro   0x0001317b      0x264 ./Core/Src/7SEG.o
 .debug_macro   0x000133df       0x2e ./Core/Src/7SEG.o
 .debug_macro   0x0001340d      0x1b5 ./Core/Src/7SEG.o
 .debug_macro   0x000135c2       0x22 ./Core/Src/7SEG.o
 .debug_macro   0x000135e4       0xd6 ./Core/Src/7SEG.o
 .debug_macro   0x000136ba      0x127 ./Core/Src/7SEG.o
 .debug_macro   0x000137e1       0x85 ./Core/Src/7SEG.o
 .debug_macro   0x00013866       0x89 ./Core/Src/7SEG.o
 .debug_macro   0x000138ef      0x8ed ./Core/Src/7SEG.o
 .debug_macro   0x000141dc       0x47 ./Core/Src/7SEG.o
 .debug_macro   0x00014223      0x2aa ./Core/Src/7SEG.o
 .debug_macro   0x000144cd      0x126 ./Core/Src/7SEG.o
 .debug_macro   0x000145f3       0x34 ./Core/Src/7SEG.o
 .debug_macro   0x00014627      0x31b ./Core/Src/Ele_And_Door.o
 .debug_macro   0x00014942       0x22 ./Core/Src/Ele_And_Door.o
 .debug_macro   0x00014964       0x61 ./Core/Src/Ele_And_Door.o
 .debug_macro   0x000149c5       0x2a ./Core/Src/Ele_And_Door.o
 .debug_macro   0x000149ef       0x43 ./Core/Src/Ele_And_Door.o
 .debug_macro   0x00014a32       0x34 ./Core/Src/Ele_And_Door.o
 .debug_macro   0x00014a66       0x16 ./Core/Src/Ele_And_Door.o
 .debug_macro   0x00014a7c       0x35 ./Core/Src/Ele_And_Door.o
 .debug_macro   0x00014ab1      0x369 ./Core/Src/Ele_And_Door.o
 .debug_macro   0x00014e1a       0x10 ./Core/Src/Ele_And_Door.o
 .debug_macro   0x00014e2a       0x16 ./Core/Src/Ele_And_Door.o
 .debug_macro   0x00014e40       0x43 ./Core/Src/Ele_And_Door.o
 .debug_macro   0x00014e83       0x34 ./Core/Src/Ele_And_Door.o
 .debug_macro   0x00014eb7       0x10 ./Core/Src/Ele_And_Door.o
 .debug_macro   0x00014ec7       0x58 ./Core/Src/Ele_And_Door.o
 .debug_macro   0x00014f1f       0x8e ./Core/Src/Ele_And_Door.o
 .debug_macro   0x00014fad       0x1c ./Core/Src/Ele_And_Door.o
 .debug_macro   0x00014fc9      0x177 ./Core/Src/Ele_And_Door.o
 .debug_macro   0x00015140       0x16 ./Core/Src/Ele_And_Door.o
 .debug_macro   0x00015156       0x16 ./Core/Src/Ele_And_Door.o
 .debug_macro   0x0001516c      0x146 ./Core/Src/Ele_And_Door.o
 .debug_macro   0x000152b2       0x16 ./Core/Src/Ele_And_Door.o
 .debug_macro   0x000152c8       0x16 ./Core/Src/Ele_And_Door.o
 .debug_macro   0x000152de       0x2e ./Core/Src/Ele_And_Door.o
 .debug_macro   0x0001530c      0x31b ./Core/Src/btn.o
 .debug_macro   0x00015627       0x1c ./Core/Src/btn.o
 .debug_macro   0x00015643      0x205 ./Core/Src/delayus.o
 .debug_macro   0x00015848      0x1fb ./Core/Src/gpio.o
 .debug_macro   0x00015a43      0x1fb ./Core/Src/i2c.o
 .debug_macro   0x00015c3e      0x200 ./Core/Src/i2c_lcd.o
 .debug_macro   0x00015e3e       0x28 ./Core/Src/i2c_lcd.o
 .debug_macro   0x00015e66      0x352 ./Core/Src/main.o
 .debug_macro   0x000161b8       0x3a ./Core/Src/main.o
 .debug_macro   0x000161f2      0x21d ./Core/Src/motor.o
 .debug_macro   0x0001640f      0x1f1 ./Core/Src/stm32f4xx_hal_msp.o
 .debug_macro   0x00016600      0x1fb ./Core/Src/stm32f4xx_it.o
 .debug_macro   0x000167fb      0x274 ./Core/Src/syscalls.o
 .debug_macro   0x00016a6f       0x5b ./Core/Src/syscalls.o
 .debug_macro   0x00016aca       0x94 ./Core/Src/syscalls.o
 .debug_macro   0x00016b5e       0x57 ./Core/Src/syscalls.o
 .debug_macro   0x00016bb5       0x10 ./Core/Src/syscalls.o
 .debug_macro   0x00016bc5       0x10 ./Core/Src/syscalls.o
 .debug_macro   0x00016bd5       0x10 ./Core/Src/syscalls.o
 .debug_macro   0x00016be5       0x10 ./Core/Src/syscalls.o
 .debug_macro   0x00016bf5       0x1c ./Core/Src/syscalls.o
 .debug_macro   0x00016c11       0x52 ./Core/Src/syscalls.o
 .debug_macro   0x00016c63       0x22 ./Core/Src/syscalls.o
 .debug_macro   0x00016c85       0x10 ./Core/Src/syscalls.o
 .debug_macro   0x00016c95       0x52 ./Core/Src/syscalls.o
 .debug_macro   0x00016ce7       0xcf ./Core/Src/syscalls.o
 .debug_macro   0x00016db6       0x1c ./Core/Src/syscalls.o
 .debug_macro   0x00016dd2       0x3d ./Core/Src/syscalls.o
 .debug_macro   0x00016e0f       0x35 ./Core/Src/syscalls.o
 .debug_macro   0x00016e44      0x12c ./Core/Src/syscalls.o
 .debug_macro   0x00016f70       0x16 ./Core/Src/syscalls.o
 .debug_macro   0x00016f86       0x16 ./Core/Src/syscalls.o
 .debug_macro   0x00016f9c       0x29 ./Core/Src/syscalls.o
 .debug_macro   0x00016fc5       0x10 ./Core/Src/syscalls.o
 .debug_macro   0x00016fd5      0x242 ./Core/Src/syscalls.o
 .debug_macro   0x00017217       0x1c ./Core/Src/syscalls.o
 .debug_macro   0x00017233       0x10 ./Core/Src/syscalls.o
 .debug_macro   0x00017243      0x18a ./Core/Src/syscalls.o
 .debug_macro   0x000173cd       0x16 ./Core/Src/syscalls.o
 .debug_macro   0x000173e3       0xce ./Core/Src/syscalls.o
 .debug_macro   0x000174b1       0xff ./Core/Src/sysmem.o
 .debug_macro   0x000175b0      0x23c ./Core/Src/sysmem.o
 .debug_macro   0x000177ec      0x1e7 ./Core/Src/system_stm32f4xx.o
 .debug_macro   0x000179d3      0x1fb ./Core/Src/tim.o
 .debug_macro   0x00017bce      0x1fb ./Core/Src/usart.o
 .debug_macro   0x00017dc9      0x247 ./Drivers/STM32F4xx_HAL_Driver/Src/stm32f4xx_hal.o
 .debug_macro   0x00018010      0x1e7 ./Drivers/STM32F4xx_HAL_Driver/Src/stm32f4xx_hal_cortex.o
 .debug_macro   0x000181f7      0x1ed ./Drivers/STM32F4xx_HAL_Driver/Src/stm32f4xx_hal_dma.o
 .debug_macro   0x000183e4      0x1ed ./Drivers/STM32F4xx_HAL_Driver/Src/stm32f4xx_hal_gpio.o
 .debug_macro   0x000185d1      0x235 ./Drivers/STM32F4xx_HAL_Driver/Src/stm32f4xx_hal_i2c.o
 .debug_macro   0x00018806      0x20b ./Drivers/STM32F4xx_HAL_Driver/Src/stm32f4xx_hal_rcc.o
 .debug_macro   0x00018a11      0x1e8 ./Drivers/STM32F4xx_HAL_Driver/Src/stm32f4xx_hal_tim.o
 .debug_macro   0x00018bf9      0x1e7 ./Drivers/STM32F4xx_HAL_Driver/Src/stm32f4xx_hal_tim_ex.o
 .debug_macro   0x00018de0      0x1e8 ./Drivers/STM32F4xx_HAL_Driver/Src/stm32f4xx_hal_uart.o

.debug_line     0x00000000    0x17c77
 .debug_line    0x00000000      0x82d ./Core/Src/7SEG.o
 .debug_line    0x0000082d      0xa74 ./Core/Src/Ele_And_Door.o
 .debug_line    0x000012a1      0x9e3 ./Core/Src/btn.o
 .debug_line    0x00001c84      0x797 ./Core/Src/delayus.o
 .debug_line    0x0000241b      0x7e4 ./Core/Src/gpio.o
 .debug_line    0x00002bff      0x7f1 ./Core/Src/i2c.o
 .debug_line    0x000033f0      0x836 ./Core/Src/i2c_lcd.o
 .debug_line    0x00003c26      0xa99 ./Core/Src/main.o
 .debug_line    0x000046bf      0x8b6 ./Core/Src/motor.o
 .debug_line    0x00004f75      0x77a ./Core/Src/stm32f4xx_hal_msp.o
 .debug_line    0x000056ef      0x8e5 ./Core/Src/stm32f4xx_it.o
 .debug_line    0x00005fd4      0x8a8 ./Core/Src/syscalls.o
 .debug_line    0x0000687c      0x579 ./Core/Src/sysmem.o
 .debug_line    0x00006df5      0x7fc ./Core/Src/system_stm32f4xx.o
 .debug_line    0x000075f1      0x837 ./Core/Src/tim.o
 .debug_line    0x00007e28      0x7e4 ./Core/Src/usart.o
 .debug_line    0x0000860c       0x7a ./Core/Startup/startup_stm32f411retx.o
 .debug_line    0x00008686      0xa65 ./Drivers/STM32F4xx_HAL_Driver/Src/stm32f4xx_hal.o
 .debug_line    0x000090eb      0xd57 ./Drivers/STM32F4xx_HAL_Driver/Src/stm32f4xx_hal_cortex.o
 .debug_line    0x00009e42      0xfd5 ./Drivers/STM32F4xx_HAL_Driver/Src/stm32f4xx_hal_dma.o
 .debug_line    0x0000ae17      0xbb5 ./Drivers/STM32F4xx_HAL_Driver/Src/stm32f4xx_hal_gpio.o
 .debug_line    0x0000b9cc     0x3bab ./Drivers/STM32F4xx_HAL_Driver/Src/stm32f4xx_hal_i2c.o
 .debug_line    0x0000f577      0xdf0 ./Drivers/STM32F4xx_HAL_Driver/Src/stm32f4xx_hal_rcc.o
 .debug_line    0x00010367     0x35e3 ./Drivers/STM32F4xx_HAL_Driver/Src/stm32f4xx_hal_tim.o
 .debug_line    0x0001394a     0x19f6 ./Drivers/STM32F4xx_HAL_Driver/Src/stm32f4xx_hal_tim_ex.o
 .debug_line    0x00015340     0x2937 ./Drivers/STM32F4xx_HAL_Driver/Src/stm32f4xx_hal_uart.o

.debug_str      0x00000000    0x92d28
 .debug_str     0x00000000    0x887ea ./Core/Src/7SEG.o
                              0x88a73 (size before relaxing)
 .debug_str     0x000887ea     0x3a85 ./Core/Src/Ele_And_Door.o
                              0x8c3c1 (size before relaxing)
 .debug_str     0x0008c26f       0xba ./Core/Src/btn.o
                              0x8c382 (size before relaxing)
 .debug_str     0x0008c329      0x4f6 ./Core/Src/delayus.o
                              0x88e65 (size before relaxing)
 .debug_str     0x0008c81f      0x538 ./Core/Src/gpio.o
                              0x88e7a (size before relaxing)
 .debug_str     0x0008cd57      0x2ec ./Core/Src/i2c.o
                              0x88fe6 (size before relaxing)
 .debug_str     0x0008d043       0x7d ./Core/Src/i2c_lcd.o
                              0x88ef4 (size before relaxing)
 .debug_str     0x0008d0c0      0x40e ./Core/Src/main.o
                              0x8cf7f (size before relaxing)
 .debug_str     0x0008d4ce       0x59 ./Core/Src/motor.o
                              0x88b1c (size before relaxing)
 .debug_str     0x0008d527       0x2c ./Core/Src/stm32f4xx_hal_msp.o
                              0x889e7 (size before relaxing)
 .debug_str     0x0008d553      0x182 ./Core/Src/stm32f4xx_it.o
                              0x89179 (size before relaxing)
 .debug_str     0x0008d6d5     0x20b1 ./Core/Src/syscalls.o
                               0x988d (size before relaxing)
 .debug_str     0x0008f786       0x6b ./Core/Src/sysmem.o
                               0x60a5 (size before relaxing)
 .debug_str     0x0008f7f1       0xdb ./Core/Src/system_stm32f4xx.o
                              0x88a97 (size before relaxing)
 .debug_str     0x0008f8cc      0x150 ./Core/Src/tim.o